/opt/airflow-venv/lib/python3.11/site-packages/airflow/metrics/base_stats_logger.py:22 RemovedInAirflow3Warning: Timer and timing metrics publish in seconds were deprecated. It is enabled by default from Airflow 3 onwards. Enable timer_unit_consistency to publish all the timer and timing metrics in milliseconds.
/opt/airflow-venv/lib/python3.11/site-packages/airflow/triggers/base.py:27 RemovedInAirflow3Warning: Timer and timing metrics publish in seconds were deprecated. It is enabled by default from Airflow 3 onwards. Enable timer_unit_consistency to publish all the timer and timing metrics in milliseconds.
/opt/airflow-venv/lib/python3.11/site-packages/airflow/cli/commands/dag_command.py:48 UserWarning: Could not import graphviz. Rendering graph to the graphical format will not be possible.
[2026-09-15T02:27:28.882+0000] {dagbag.py:588} INFO - Filling up the DagBag from /opt/airflow/dags
[2026-09-15T02:27:28.917+0000] {dag.py:4435} INFO - dagrun id: retreino_medico
[2026-09-15T02:27:28.925+0000] {dag.py:4451} INFO - created dagrun <DagRun retreino_medico @ 2026-09-14 00:00:00+00:00: manual__2026-09-14T00:00:00+00:00, state:running, queued_at: None. externally triggered: False>
[2026-09-15T02:27:28.944+0000] {dag.py:4396} INFO - [DAG TEST] starting task_id=ingestao map_index=-1
[2026-09-15T02:27:28.945+0000] {dag.py:4399} INFO - [DAG TEST] running task <TaskInstance: retreino_medico.ingestao manual__2026-09-14T00:00:00+00:00 [scheduled]>
[2026-09-15 02:27:28,981] {taskinstance.py:3157} INFO - Exporting env vars: AIRFLOW_CTX_DAG_OWNER='equipe-ml' AIRFLOW_CTX_DAG_ID='retreino_medico' AIRFLOW_CTX_TASK_ID='ingestao' AIRFLOW_CTX_EXECUTION_DATE='2026-09-14T00:00:00+00:00' AIRFLOW_CTX_TRY_NUMBER='1' AIRFLOW_CTX_DAG_RUN_ID='manual__2026-09-14T00:00:00+00:00'
[2026-09-15T02:27:28.981+0000] {taskinstance.py:3157} INFO - Exporting env vars: AIRFLOW_CTX_DAG_OWNER='equipe-ml' AIRFLOW_CTX_DAG_ID='retreino_medico' AIRFLOW_CTX_TASK_ID='ingestao' AIRFLOW_CTX_EXECUTION_DATE='2026-09-14T00:00:00+00:00' AIRFLOW_CTX_TRY_NUMBER='1' AIRFLOW_CTX_DAG_RUN_ID='manual__2026-09-14T00:00:00+00:00'
[2026-09-15T02:27:28.983+0000] {taskinstance.py:740} INFO - ::endgroup::
[2026-09-15 02:27:29,037] {subprocess.py:78} INFO - Tmp dir root location: /tmp
[2026-09-15T02:27:29.037+0000] {subprocess.py:78} INFO - Tmp dir root location: /tmp
[2026-09-15 02:27:29,038] {subprocess.py:88} INFO - Running command: ['/usr/bin/bash', '-c', "/opt/model-venv/bin/python -m medical_classifier.airflow_tasks ingestao --execucao '20260914T000000'"]
[2026-09-15T02:27:29.038+0000] {subprocess.py:88} INFO - Running command: ['/usr/bin/bash', '-c', "/opt/model-venv/bin/python -m medical_classifier.airflow_tasks ingestao --execucao '20260914T000000'"]
[2026-09-15 02:27:29,044] {subprocess.py:99} INFO - Output:
[2026-09-15T02:27:29.044+0000] {subprocess.py:99} INFO - Output:
[2026-09-15 02:27:32,723] {subprocess.py:106} INFO - {"etapa": "ingestao", "execucao": "20260914T000000", "estado": "/app/data/runs/20260914T000000", "sucesso": true}
[2026-09-15T02:27:32.723+0000] {subprocess.py:106} INFO - {"etapa": "ingestao", "execucao": "20260914T000000", "estado": "/app/data/runs/20260914T000000", "sucesso": true}
[2026-09-15 02:27:32,876] {subprocess.py:110} INFO - Command exited with return code 0
[2026-09-15T02:27:32.876+0000] {subprocess.py:110} INFO - Command exited with return code 0
[2026-09-15T02:27:32.884+0000] {taskinstance.py:349} INFO - ::group::Post task execution logs
[2026-09-15T02:27:32.885+0000] {taskinstance.py:361} INFO - Marking task as SUCCESS. dag_id=retreino_medico, task_id=ingestao, run_id=manual__2026-09-14T00:00:00+00:00, execution_date=20260914T000000, start_date=, end_date=20260915T022732
[2026-09-15T02:27:32.895+0000] {dag.py:4410} INFO - [DAG TEST] end task task_id=ingestao map_index=-1
[2026-09-15T02:27:32.906+0000] {dag.py:4396} INFO - [DAG TEST] starting task_id=treinamento map_index=-1
[2026-09-15T02:27:32.907+0000] {dag.py:4399} INFO - [DAG TEST] running task <TaskInstance: retreino_medico.treinamento manual__2026-09-14T00:00:00+00:00 [scheduled]>
[2026-09-15 02:27:32,921] {taskinstance.py:3157} INFO - Exporting env vars: AIRFLOW_CTX_DAG_OWNER='equipe-ml' AIRFLOW_CTX_DAG_ID='retreino_medico' AIRFLOW_CTX_TASK_ID='treinamento' AIRFLOW_CTX_EXECUTION_DATE='2026-09-14T00:00:00+00:00' AIRFLOW_CTX_TRY_NUMBER='1' AIRFLOW_CTX_DAG_RUN_ID='manual__2026-09-14T00:00:00+00:00'
[2026-09-15T02:27:32.921+0000] {taskinstance.py:3157} INFO - Exporting env vars: AIRFLOW_CTX_DAG_OWNER='equipe-ml' AIRFLOW_CTX_DAG_ID='retreino_medico' AIRFLOW_CTX_TASK_ID='treinamento' AIRFLOW_CTX_EXECUTION_DATE='2026-09-14T00:00:00+00:00' AIRFLOW_CTX_TRY_NUMBER='1' AIRFLOW_CTX_DAG_RUN_ID='manual__2026-09-14T00:00:00+00:00'
[2026-09-15T02:27:32.922+0000] {taskinstance.py:740} INFO - ::endgroup::
[2026-09-15 02:27:32,922] {subprocess.py:78} INFO - Tmp dir root location: /tmp
[2026-09-15T02:27:32.922+0000] {subprocess.py:78} INFO - Tmp dir root location: /tmp
[2026-09-15 02:27:32,923] {subprocess.py:88} INFO - Running command: ['/usr/bin/bash', '-c', "/opt/model-venv/bin/python -m medical_classifier.airflow_tasks treinamento --execucao '20260914T000000'"]
[2026-09-15T02:27:32.923+0000] {subprocess.py:88} INFO - Running command: ['/usr/bin/bash', '-c', "/opt/model-venv/bin/python -m medical_classifier.airflow_tasks treinamento --execucao '20260914T000000'"]
[2026-09-15 02:27:32,929] {subprocess.py:99} INFO - Output:
[2026-09-15T02:27:32.929+0000] {subprocess.py:99} INFO - Output:
[2026-09-15 02:27:39,764] {subprocess.py:106} INFO - {"etapa": "treinamento", "execucao": "20260914T000000", "estado": "/app/data/runs/20260914T000000", "sucesso": true}
[2026-09-15T02:27:39.764+0000] {subprocess.py:106} INFO - {"etapa": "treinamento", "execucao": "20260914T000000", "estado": "/app/data/runs/20260914T000000", "sucesso": true}
[2026-09-15 02:27:39,944] {subprocess.py:110} INFO - Command exited with return code 0
[2026-09-15T02:27:39.944+0000] {subprocess.py:110} INFO - Command exited with return code 0
[2026-09-15T02:27:40.045+0000] {taskinstance.py:349} INFO - ::group::Post task execution logs
[2026-09-15T02:27:40.046+0000] {taskinstance.py:361} INFO - Marking task as SUCCESS. dag_id=retreino_medico, task_id=treinamento, run_id=manual__2026-09-14T00:00:00+00:00, execution_date=20260914T000000, start_date=, end_date=20260915T022740
[2026-09-15T02:27:40.055+0000] {dag.py:4410} INFO - [DAG TEST] end task task_id=treinamento map_index=-1
[2026-09-15T02:27:40.065+0000] {dag.py:4396} INFO - [DAG TEST] starting task_id=validacao map_index=-1
[2026-09-15T02:27:40.065+0000] {dag.py:4399} INFO - [DAG TEST] running task <TaskInstance: retreino_medico.validacao manual__2026-09-14T00:00:00+00:00 [scheduled]>
[2026-09-15 02:27:40,081] {taskinstance.py:3157} INFO - Exporting env vars: AIRFLOW_CTX_DAG_OWNER='equipe-ml' AIRFLOW_CTX_DAG_ID='retreino_medico' AIRFLOW_CTX_TASK_ID='validacao' AIRFLOW_CTX_EXECUTION_DATE='2026-09-14T00:00:00+00:00' AIRFLOW_CTX_TRY_NUMBER='1' AIRFLOW_CTX_DAG_RUN_ID='manual__2026-09-14T00:00:00+00:00'
[2026-09-15T02:27:40.081+0000] {taskinstance.py:3157} INFO - Exporting env vars: AIRFLOW_CTX_DAG_OWNER='equipe-ml' AIRFLOW_CTX_DAG_ID='retreino_medico' AIRFLOW_CTX_TASK_ID='validacao' AIRFLOW_CTX_EXECUTION_DATE='2026-09-14T00:00:00+00:00' AIRFLOW_CTX_TRY_NUMBER='1' AIRFLOW_CTX_DAG_RUN_ID='manual__2026-09-14T00:00:00+00:00'
[2026-09-15T02:27:40.082+0000] {taskinstance.py:740} INFO - ::endgroup::
[2026-09-15 02:27:40,082] {subprocess.py:78} INFO - Tmp dir root location: /tmp
[2026-09-15T02:27:40.082+0000] {subprocess.py:78} INFO - Tmp dir root location: /tmp
[2026-09-15 02:27:40,083] {subprocess.py:88} INFO - Running command: ['/usr/bin/bash', '-c', "/opt/model-venv/bin/python -m medical_classifier.airflow_tasks validacao --execucao '20260914T000000'"]
[2026-09-15T02:27:40.083+0000] {subprocess.py:88} INFO - Running command: ['/usr/bin/bash', '-c', "/opt/model-venv/bin/python -m medical_classifier.airflow_tasks validacao --execucao '20260914T000000'"]
[2026-09-15 02:27:40,090] {subprocess.py:99} INFO - Output:
[2026-09-15T02:27:40.090+0000] {subprocess.py:99} INFO - Output:
[2026-09-15 02:27:43,173] {subprocess.py:106} INFO - {"etapa": "validacao", "execucao": "20260914T000000", "estado": "/app/data/runs/20260914T000000", "sucesso": true}
[2026-09-15T02:27:43.173+0000] {subprocess.py:106} INFO - {"etapa": "validacao", "execucao": "20260914T000000", "estado": "/app/data/runs/20260914T000000", "sucesso": true}
[2026-09-15 02:27:43,335] {subprocess.py:110} INFO - Command exited with return code 0
[2026-09-15T02:27:43.335+0000] {subprocess.py:110} INFO - Command exited with return code 0
[2026-09-15T02:27:43.341+0000] {taskinstance.py:349} INFO - ::group::Post task execution logs
[2026-09-15T02:27:43.342+0000] {taskinstance.py:361} INFO - Marking task as SUCCESS. dag_id=retreino_medico, task_id=validacao, run_id=manual__2026-09-14T00:00:00+00:00, execution_date=20260914T000000, start_date=, end_date=20260915T022743
[2026-09-15T02:27:43.350+0000] {dag.py:4410} INFO - [DAG TEST] end task task_id=validacao map_index=-1
[2026-09-15T02:27:43.358+0000] {dag.py:4396} INFO - [DAG TEST] starting task_id=publicacao map_index=-1
[2026-09-15T02:27:43.359+0000] {dag.py:4399} INFO - [DAG TEST] running task <TaskInstance: retreino_medico.publicacao manual__2026-09-14T00:00:00+00:00 [scheduled]>
[2026-09-15 02:27:43,374] {taskinstance.py:3157} INFO - Exporting env vars: AIRFLOW_CTX_DAG_OWNER='equipe-ml' AIRFLOW_CTX_DAG_ID='retreino_medico' AIRFLOW_CTX_TASK_ID='publicacao' AIRFLOW_CTX_EXECUTION_DATE='2026-09-14T00:00:00+00:00' AIRFLOW_CTX_TRY_NUMBER='1' AIRFLOW_CTX_DAG_RUN_ID='manual__2026-09-14T00:00:00+00:00'
[2026-09-15T02:27:43.374+0000] {taskinstance.py:3157} INFO - Exporting env vars: AIRFLOW_CTX_DAG_OWNER='equipe-ml' AIRFLOW_CTX_DAG_ID='retreino_medico' AIRFLOW_CTX_TASK_ID='publicacao' AIRFLOW_CTX_EXECUTION_DATE='2026-09-14T00:00:00+00:00' AIRFLOW_CTX_TRY_NUMBER='1' AIRFLOW_CTX_DAG_RUN_ID='manual__2026-09-14T00:00:00+00:00'
[2026-09-15T02:27:43.374+0000] {taskinstance.py:740} INFO - ::endgroup::
[2026-09-15 02:27:43,375] {subprocess.py:78} INFO - Tmp dir root location: /tmp
[2026-09-15T02:27:43.375+0000] {subprocess.py:78} INFO - Tmp dir root location: /tmp
[2026-09-15 02:27:43,375] {subprocess.py:88} INFO - Running command: ['/usr/bin/bash', '-c', "/opt/model-venv/bin/python -m medical_classifier.airflow_tasks publicacao --execucao '20260914T000000'"]
[2026-09-15T02:27:43.375+0000] {subprocess.py:88} INFO - Running command: ['/usr/bin/bash', '-c', "/opt/model-venv/bin/python -m medical_classifier.airflow_tasks publicacao --execucao '20260914T000000'"]
[2026-09-15 02:27:43,382] {subprocess.py:99} INFO - Output:
[2026-09-15T02:27:43.382+0000] {subprocess.py:99} INFO - Output:
[2026-09-15 02:27:44,696] {subprocess.py:106} INFO - {"etapa": "publicacao", "execucao": "20260914T000000", "estado": "/app/data/runs/20260914T000000", "sucesso": true}
[2026-09-15T02:27:44.696+0000] {subprocess.py:106} INFO - {"etapa": "publicacao", "execucao": "20260914T000000", "estado": "/app/data/runs/20260914T000000", "sucesso": true}
[2026-09-15 02:27:44,856] {subprocess.py:110} INFO - Command exited with return code 0
[2026-09-15T02:27:44.856+0000] {subprocess.py:110} INFO - Command exited with return code 0
[2026-09-15T02:27:44.862+0000] {taskinstance.py:349} INFO - ::group::Post task execution logs
[2026-09-15T02:27:44.863+0000] {taskinstance.py:361} INFO - Marking task as SUCCESS. dag_id=retreino_medico, task_id=publicacao, run_id=manual__2026-09-14T00:00:00+00:00, execution_date=20260914T000000, start_date=, end_date=20260915T022744
[2026-09-15T02:27:44.871+0000] {dag.py:4410} INFO - [DAG TEST] end task task_id=publicacao map_index=-1
[2026-09-15T02:27:44.873+0000] {dagrun.py:854} INFO - Marking run <DagRun retreino_medico @ 2026-09-14 00:00:00+00:00: manual__2026-09-14T00:00:00+00:00, state:running, queued_at: None. externally triggered: False> successful
[2026-09-15T02:27:44.874+0000] {dagrun.py:905} INFO - DagRun Finished: dag_id=retreino_medico, execution_date=2026-09-14 00:00:00+00:00, run_id=manual__2026-09-14T00:00:00+00:00, run_start_date=2026-09-14 00:00:00+00:00, run_end_date=2026-09-15 02:27:44.874073+00:00, run_duration=95264.874073, state=success, external_trigger=False, run_type=manual, data_interval_start=2026-09-06 00:00:00+00:00, data_interval_end=2026-09-13 00:00:00+00:00, dag_hash=None
