 Image medical-classifier:local Building 
 Image medical-classifier-treino:local Building 
#1 [internal] load local bake definitions
#1 reading from stdin 1.06kB 0.0s done
#1 DONE 0.0s

#2 [pipeline internal] load build definition from Dockerfile
#2 transferring dockerfile: 2.54kB 0.0s done
#2 DONE 0.1s

#3 [pipeline internal] load metadata for docker.io/library/python:3.11.16-slim-bookworm
#3 DONE 2.4s

#4 [api internal] load .dockerignore
#4 transferring context: 335B 0.0s done
#4 DONE 0.1s

#5 [api internal] load build context
#5 DONE 0.0s

#6 [pipeline internal] load build context
#6 DONE 0.0s

#7 [pipeline base 1/2] FROM docker.io/library/python:3.11.16-slim-bookworm@sha256:528257d48c1da0dcecc2e725d1ae34498d60c965f1241e39cd6a85a8859bdf84
#7 resolve docker.io/library/python:3.11.16-slim-bookworm@sha256:528257d48c1da0dcecc2e725d1ae34498d60c965f1241e39cd6a85a8859bdf84 0.1s done
#7 resolve docker.io/library/python:3.11.16-slim-bookworm@sha256:528257d48c1da0dcecc2e725d1ae34498d60c965f1241e39cd6a85a8859bdf84 0.1s done
#7 ...

#6 [pipeline internal] load build context
#6 transferring context: 52.15kB 0.3s done
#6 DONE 0.5s

#7 [pipeline base 1/2] FROM docker.io/library/python:3.11.16-slim-bookworm@sha256:528257d48c1da0dcecc2e725d1ae34498d60c965f1241e39cd6a85a8859bdf84
#7 DONE 0.8s

#5 [api internal] load build context
#5 transferring context: 51.70kB 0.3s done
#5 DONE 0.6s

#8 [pipeline base 2/2] WORKDIR /app
#8 DONE 0.1s

#9 [pipeline operacao 1/1] RUN groupadd --gid 10001 app     && useradd --uid 10001 --gid 10001 --create-home app     && mkdir -p /app/models /app/data     && chown app:app /app/models /app/data
#9 ...

#10 [pipeline builder 1/5] COPY requirements-build.lock /tmp/requirements-build.lock
#10 DONE 0.2s

#11 [api builder 2/5] RUN pip install --no-cache-dir --no-compile -r /tmp/requirements-build.lock
#11 ...

#9 [api operacao 1/1] RUN groupadd --gid 10001 app     && useradd --uid 10001 --gid 10001 --create-home app     && mkdir -p /app/models /app/data     && chown app:app /app/models /app/data
#9 DONE 1.4s

#12 [pipeline dependencias_runtime 1/4] RUN python -m venv --without-pip /opt/venv
#12 DONE 1.7s

#13 [pipeline dependencias_runtime 2/4] COPY requirements-runtime.lock /tmp/requirements-runtime.lock
#13 DONE 0.1s

#14 [api dependencias_runtime 3/4] RUN python -m pip --python /opt/venv/bin/python install --no-cache-dir --no-compile     -r /tmp/requirements-runtime.lock
#14 ...

#11 [api builder 2/5] RUN pip install --no-cache-dir --no-compile -r /tmp/requirements-build.lock
#11 5.370 Collecting hatchling==1.32.0 (from -r /tmp/requirements-build.lock (line 2))
#11 5.509   Downloading hatchling-1.32.0-py3-none-any.whl.metadata (3.9 kB)
#11 5.514 Requirement already satisfied: packaging==26.3 in /usr/local/lib/python3.11/site-packages (from -r /tmp/requirements-build.lock (line 3)) (26.3)
#11 5.561 Collecting pathspec==1.1.1 (from -r /tmp/requirements-build.lock (line 4))
#11 5.572   Downloading pathspec-1.1.1-py3-none-any.whl.metadata (14 kB)
#11 5.616 Collecting pluggy==1.6.0 (from -r /tmp/requirements-build.lock (line 5))
#11 5.629   Downloading pluggy-1.6.0-py3-none-any.whl.metadata (4.8 kB)
#11 5.693 Collecting tomlkit==0.15.1 (from -r /tmp/requirements-build.lock (line 6))
#11 5.705   Downloading tomlkit-0.15.1-py3-none-any.whl.metadata (3.3 kB)
#11 5.771 Collecting trove-classifiers==2026.6.1.19 (from -r /tmp/requirements-build.lock (line 7))
#11 5.782   Downloading trove_classifiers-2026.6.1.19-py3-none-any.whl.metadata (2.3 kB)
#11 5.831 Downloading hatchling-1.32.0-py3-none-any.whl (78 kB)
#11 5.848    ━━━━━━━━━━━━━━━━━━━━━━━━━━━━━━━━━━━━━━━━ 78.4/78.4 kB 6.5 MB/s eta 0:00:00
#11 5.864 Downloading pathspec-1.1.1-py3-none-any.whl (57 kB)
#11 5.873    ━━━━━━━━━━━━━━━━━━━━━━━━━━━━━━━━━━━━━━━━ 57.3/57.3 kB 10.3 MB/s eta 0:00:00
#11 5.886 Downloading pluggy-1.6.0-py3-none-any.whl (20 kB)
#11 5.909 Downloading tomlkit-0.15.1-py3-none-any.whl (49 kB)
#11 5.918    ━━━━━━━━━━━━━━━━━━━━━━━━━━━━━━━━━━━━━━━━ 49.4/49.4 kB 23.7 MB/s eta 0:00:00
#11 5.932 Downloading trove_classifiers-2026.6.1.19-py3-none-any.whl (14 kB)
#11 6.027 Installing collected packages: trove-classifiers, tomlkit, pluggy, pathspec, hatchling
#11 6.142 Successfully installed hatchling-1.32.0 pathspec-1.1.1 pluggy-1.6.0 tomlkit-0.15.1 trove-classifiers-2026.6.1.19
#11 6.143 WARNING: Running pip as the 'root' user can result in broken permissions and conflicting behaviour with the system package manager. It is recommended to use a virtual environment instead: https://pip.pypa.io/warnings/venv
#11 DONE 6.3s

#15 [api builder 3/5] COPY pyproject.toml ./
#15 DONE 0.1s

#16 [api builder 4/5] COPY src ./src
#16 DONE 0.1s

#17 [api builder 5/5] RUN pip wheel --no-deps --no-build-isolation --wheel-dir /dist .
#17 2.884 Processing /app
#17 2.891   Preparing metadata (pyproject.toml): started
#17 3.809   Preparing metadata (pyproject.toml): finished with status 'done'
#17 3.838 Building wheels for collected packages: medical-classifier
#17 3.841   Building wheel for medical-classifier (pyproject.toml): started
#17 4.082   Building wheel for medical-classifier (pyproject.toml): finished with status 'done'
#17 4.083   Created wheel for medical-classifier: filename=medical_classifier-0.1.0-py3-none-any.whl size=21043 sha256=b1114d42dd2e7e16c476aad7d92f52f740f7a0b6e927ac6dae97c8f5ed7554b9
#17 4.083   Stored in directory: /tmp/pip-ephem-wheel-cache-f6mf7j73/wheels/57/0f/98/bb57b2b57b95807699b822a35c022f139d38a02c27922f27ce
#17 4.095 Successfully built medical-classifier
#17 DONE 4.5s

#14 [api dependencias_runtime 3/4] RUN python -m pip --python /opt/venv/bin/python install --no-cache-dir --no-compile     -r /tmp/requirements-runtime.lock
#14 5.886 Ignoring pyreadline3: markers 'sys_platform == "win32"' don't match your environment
#14 6.001 Collecting annotated-types==0.8.0 (from -r /tmp/requirements-runtime.lock (line 2))
#14 6.085   Downloading annotated_types-0.8.0-py3-none-any.whl.metadata (15 kB)
#14 6.149 Collecting anyio==4.15.1 (from -r /tmp/requirements-runtime.lock (line 3))
#14 6.162   Downloading anyio-4.15.1-py3-none-any.whl.metadata (4.7 kB)
#14 6.211 Collecting click==8.5.0 (from -r /tmp/requirements-runtime.lock (line 4))
#14 6.224   Downloading click-8.5.0-py3-none-any.whl.metadata (2.6 kB)
#14 6.418 Collecting coloredlogs==15.0.1 (from -r /tmp/requirements-runtime.lock (line 5))
#14 6.436   Downloading coloredlogs-15.0.1-py2.py3-none-any.whl.metadata (12 kB)
#14 6.625 Collecting fastapi==0.116.2 (from -r /tmp/requirements-runtime.lock (line 6))
#14 6.636   Downloading fastapi-0.116.2-py3-none-any.whl.metadata (28 kB)
#14 6.672 Collecting flatbuffers==25.12.19 (from -r /tmp/requirements-runtime.lock (line 7))
#14 6.684   Downloading flatbuffers-25.12.19-py2.py3-none-any.whl.metadata (1.0 kB)
#14 6.711 Collecting h11==0.16.0 (from -r /tmp/requirements-runtime.lock (line 8))
#14 6.723   Downloading h11-0.16.0-py3-none-any.whl.metadata (8.3 kB)
#14 6.913 Collecting humanfriendly==10.0 (from -r /tmp/requirements-runtime.lock (line 9))
#14 6.924   Downloading humanfriendly-10.0-py2.py3-none-any.whl.metadata (9.2 kB)
#14 6.966 Collecting idna==3.19 (from -r /tmp/requirements-runtime.lock (line 10))
#14 6.979   Downloading idna-3.19-py3-none-any.whl.metadata (9.2 kB)
#14 7.018 Collecting mpmath==1.3.0 (from -r /tmp/requirements-runtime.lock (line 11))
#14 7.030   Downloading mpmath-1.3.0-py3-none-any.whl.metadata (8.6 kB)
#14 7.644 Collecting numpy==2.2.6 (from -r /tmp/requirements-runtime.lock (line 12))
#14 7.657   Downloading numpy-2.2.6-cp311-cp311-manylinux_2_17_x86_64.manylinux2014_x86_64.whl.metadata (62 kB)
#14 7.668      ━━━━━━━━━━━━━━━━━━━━━━━━━━━━━━━━━━━━━━━━ 62.0/62.0 kB 16.7 MB/s eta 0:00:00
#14 7.839 Collecting onnxruntime==1.23.2 (from -r /tmp/requirements-runtime.lock (line 13))
#14 7.852   Downloading onnxruntime-1.23.2-cp311-cp311-manylinux_2_27_x86_64.manylinux_2_28_x86_64.whl.metadata (5.1 kB)
#14 7.911 Collecting packaging==26.3 (from -r /tmp/requirements-runtime.lock (line 14))
#14 7.923   Downloading packaging-26.3-py3-none-any.whl.metadata (3.5 kB)
#14 7.971 Collecting prometheus-client==0.22.1 (from -r /tmp/requirements-runtime.lock (line 15))
#14 7.984   Downloading prometheus_client-0.22.1-py3-none-any.whl.metadata (1.9 kB)
#14 8.437 Collecting protobuf==7.36.1 (from -r /tmp/requirements-runtime.lock (line 16))
#14 8.449   Downloading protobuf-7.36.1-cp310-abi3-manylinux2014_x86_64.whl.metadata (595 bytes)
#14 8.863 Collecting pydantic==2.13.5 (from -r /tmp/requirements-runtime.lock (line 17))
#14 8.882   Downloading pydantic-2.13.5-py3-none-any.whl.metadata (110 kB)
#14 8.907      ━━━━━━━━━━━━━━━━━━━━━━━━━━━━━━━━━━━━━━━ 110.2/110.2 kB 7.4 MB/s eta 0:00:00
#14 12.31 Collecting pydantic-core==2.46.5 (from -r /tmp/requirements-runtime.lock (line 18))
#14 12.32   Downloading pydantic_core-2.46.5-cp311-cp311-manylinux_2_17_x86_64.manylinux2014_x86_64.whl.metadata (6.6 kB)
#14 12.41 Collecting starlette==0.48.0 (from -r /tmp/requirements-runtime.lock (line 20))
#14 12.42   Downloading starlette-0.48.0-py3-none-any.whl.metadata (6.3 kB)
#14 12.47 Collecting sympy==1.14.0 (from -r /tmp/requirements-runtime.lock (line 21))
#14 12.48   Downloading sympy-1.14.0-py3-none-any.whl.metadata (12 kB)
#14 12.53 Collecting typing-extensions==4.16.0 (from -r /tmp/requirements-runtime.lock (line 22))
#14 12.55   Downloading typing_extensions-4.16.0-py3-none-any.whl.metadata (3.3 kB)
#14 12.57 Collecting typing-inspection==0.4.4 (from -r /tmp/requirements-runtime.lock (line 23))
#14 12.59   Downloading typing_inspection-0.4.4-py3-none-any.whl.metadata (2.6 kB)
#14 12.66 Collecting uvicorn==0.35.0 (from -r /tmp/requirements-runtime.lock (line 24))
#14 12.68   Downloading uvicorn-0.35.0-py3-none-any.whl.metadata (6.5 kB)
#14 13.12 Downloading annotated_types-0.8.0-py3-none-any.whl (13 kB)
#14 13.13 Downloading anyio-4.15.1-py3-none-any.whl (132 kB)
#14 13.15    ━━━━━━━━━━━━━━━━━━━━━━━━━━━━━━━━━━━━━━━━ 132.1/132.1 kB 12.3 MB/s eta 0:00:00
#14 13.16 Downloading click-8.5.0-py3-none-any.whl (125 kB)
#14 13.18    ━━━━━━━━━━━━━━━━━━━━━━━━━━━━━━━━━━━━━━━━ 125.3/125.3 kB 13.1 MB/s eta 0:00:00
#14 13.19 Downloading coloredlogs-15.0.1-py2.py3-none-any.whl (46 kB)
#14 13.20    ━━━━━━━━━━━━━━━━━━━━━━━━━━━━━━━━━━━━━━━━ 46.0/46.0 kB 15.1 MB/s eta 0:00:00
#14 13.21 Downloading fastapi-0.116.2-py3-none-any.whl (95 kB)
#14 13.22    ━━━━━━━━━━━━━━━━━━━━━━━━━━━━━━━━━━━━━━━━ 95.7/95.7 kB 16.6 MB/s eta 0:00:00
#14 13.23 Downloading flatbuffers-25.12.19-py2.py3-none-any.whl (26 kB)
#14 13.25 Downloading h11-0.16.0-py3-none-any.whl (37 kB)
#14 13.26 Downloading humanfriendly-10.0-py2.py3-none-any.whl (86 kB)
#14 13.29    ━━━━━━━━━━━━━━━━━━━━━━━━━━━━━━━━━━━━━━━━ 86.8/86.8 kB 4.0 MB/s eta 0:00:00
#14 13.30 Downloading idna-3.19-py3-none-any.whl (68 kB)
#14 13.32    ━━━━━━━━━━━━━━━━━━━━━━━━━━━━━━━━━━━━━━━━ 68.5/68.5 kB 9.2 MB/s eta 0:00:00
#14 13.34 Downloading mpmath-1.3.0-py3-none-any.whl (536 kB)
#14 13.39    ━━━━━━━━━━━━━━━━━━━━━━━━━━━━━━━━━━━━━━━━ 536.2/536.2 kB 12.6 MB/s eta 0:00:00
#14 13.40 Downloading numpy-2.2.6-cp311-cp311-manylinux_2_17_x86_64.manylinux2014_x86_64.whl (16.8 MB)
#14 14.67    ━━━━━━━━━━━━━━━━━━━━━━━━━━━━━━━━━━━━━━━━ 16.8/16.8 MB 13.3 MB/s eta 0:00:00
#14 14.68 Downloading onnxruntime-1.23.2-cp311-cp311-manylinux_2_27_x86_64.manylinux_2_28_x86_64.whl (17.4 MB)
#14 17.40    ━━━━━━━━━━━━━━━━━━━━━━━━━━━━━━━━━━━━━━━━ 17.4/17.4 MB 4.8 MB/s eta 0:00:00
#14 17.42 Downloading packaging-26.3-py3-none-any.whl (129 kB)
#14 17.43    ━━━━━━━━━━━━━━━━━━━━━━━━━━━━━━━━━━━━━━━━ 130.0/130.0 kB 15.7 MB/s eta 0:00:00
#14 17.45 Downloading prometheus_client-0.22.1-py3-none-any.whl (58 kB)
#14 17.47    ━━━━━━━━━━━━━━━━━━━━━━━━━━━━━━━━━━━━━━━━ 58.7/58.7 kB 7.6 MB/s eta 0:00:00
#14 17.48 Downloading protobuf-7.36.1-cp310-abi3-manylinux2014_x86_64.whl (343 kB)
#14 17.52    ━━━━━━━━━━━━━━━━━━━━━━━━━━━━━━━━━━━━━━━━ 343.2/343.2 kB 11.2 MB/s eta 0:00:00
#14 17.53 Downloading pydantic-2.13.5-py3-none-any.whl (472 kB)
#14 17.60    ━━━━━━━━━━━━━━━━━━━━━━━━━━━━━━━━━━━━━━━━ 472.6/472.6 kB 8.1 MB/s eta 0:00:00
#14 17.61 Downloading pydantic_core-2.46.5-cp311-cp311-manylinux_2_17_x86_64.manylinux2014_x86_64.whl (2.1 MB)
#14 17.93    ━━━━━━━━━━━━━━━━━━━━━━━━━━━━━━━━━━━━━━━━ 2.1/2.1 MB 6.6 MB/s eta 0:00:00
#14 17.95 Downloading starlette-0.48.0-py3-none-any.whl (73 kB)
#14 17.96    ━━━━━━━━━━━━━━━━━━━━━━━━━━━━━━━━━━━━━━━━ 73.7/73.7 kB 10.1 MB/s eta 0:00:00
#14 17.98 Downloading sympy-1.14.0-py3-none-any.whl (6.3 MB)
#14 19.03    ━━━━━━━━━━━━━━━━━━━━━━━━━━━━━━━━━━━━━━━━ 6.3/6.3 MB 6.0 MB/s eta 0:00:00
#14 19.04 Downloading typing_extensions-4.16.0-py3-none-any.whl (45 kB)
#14 19.06    ━━━━━━━━━━━━━━━━━━━━━━━━━━━━━━━━━━━━━━━━ 45.6/45.6 kB 7.9 MB/s eta 0:00:00
#14 19.08 Downloading typing_inspection-0.4.4-py3-none-any.whl (14 kB)
#14 19.14 Downloading uvicorn-0.35.0-py3-none-any.whl (66 kB)
#14 19.17    ━━━━━━━━━━━━━━━━━━━━━━━━━━━━━━━━━━━━━━━━ 66.4/66.4 kB 2.5 MB/s eta 0:00:00
#14 19.88 Installing collected packages: mpmath, flatbuffers, typing-extensions, sympy, protobuf, prometheus-client, packaging, numpy, idna, humanfriendly, h11, click, annotated-types, uvicorn, typing-inspection, pydantic-core, coloredlogs, anyio, starlette, pydantic, onnxruntime, fastapi
#14 24.13 Successfully installed annotated-types-0.8.0 anyio-4.15.1 click-8.5.0 coloredlogs-15.0.1 fastapi-0.116.2 flatbuffers-25.12.19 h11-0.16.0 humanfriendly-10.0 idna-3.19 mpmath-1.3.0 numpy-2.2.6 onnxruntime-1.23.2 packaging-26.3 prometheus-client-0.22.1 protobuf-7.36.1 pydantic-2.13.5 pydantic-core-2.46.5 starlette-0.48.0 sympy-1.14.0 typing-extensions-4.16.0 typing-inspection-0.4.4 uvicorn-0.35.0
#14 DONE 49.4s

#18 [pipeline dependencias_runtime 4/4] RUN --mount=type=bind,from=builder,source=/dist,target=/tmp/pacote     python -m pip --python /opt/venv/bin/python install --no-deps --no-compile /tmp/pacote/*.whl     && python -m pip --python /opt/venv/bin/python check
#18 10.10 Processing /tmp/pacote/medical_classifier-0.1.0-py3-none-any.whl
#18 10.11 Installing collected packages: medical-classifier
#18 10.15 Successfully installed medical-classifier-0.1.0
#18 14.28 No broken requirements found.
#18 DONE 14.4s

#19 [pipeline dependencias_runtime 3/4] RUN python -m pip --python /opt/venv/bin/python install --no-cache-dir --no-compile     -r /tmp/requirements-runtime.lock
#19 CACHED

#20 [pipeline builder 3/5] COPY pyproject.toml ./
#20 CACHED

#21 [pipeline builder 5/5] RUN pip wheel --no-deps --no-build-isolation --wheel-dir /dist .
#21 CACHED

#22 [pipeline builder 2/5] RUN pip install --no-cache-dir --no-compile -r /tmp/requirements-build.lock
#22 CACHED

#23 [pipeline dependencias_runtime 4/4] RUN --mount=type=bind,from=builder,source=/dist,target=/tmp/pacote     python -m pip --python /opt/venv/bin/python install --no-deps --no-compile /tmp/pacote/*.whl     && python -m pip --python /opt/venv/bin/python check
#23 CACHED

#24 [pipeline builder 4/5] COPY src ./src
#24 CACHED

#25 [pipeline builder 1/5] COPY requirements-build.lock /tmp/requirements-build.lock
#25 CACHED

#26 [pipeline dependencias_runtime 2/4] COPY requirements-runtime.lock /tmp/requirements-runtime.lock
#26 CACHED

#27 [pipeline dependencias_treinamento 1/2] COPY requirements-treinamento.lock /tmp/requirements-treinamento.lock
#27 DONE 0.1s

#28 [pipeline dependencias_treinamento 2/2] RUN python -m pip --python /opt/venv/bin/python install --no-cache-dir --no-compile     -r /tmp/requirements-treinamento.lock     && python -m pip --python /opt/venv/bin/python check
#28 4.662 Ignoring pyreadline3: markers 'sys_platform == "win32"' don't match your environment
#28 4.663 Ignoring ml-dtypes: markers 'python_full_version >= "3.14"' don't match your environment
#28 4.667 Requirement already satisfied: annotated-types==0.8.0 in /opt/venv/lib/python3.11/site-packages (from -r /tmp/requirements-runtime.lock (line 2)) (0.8.0)
#28 4.671 Requirement already satisfied: anyio==4.15.1 in /opt/venv/lib/python3.11/site-packages (from -r /tmp/requirements-runtime.lock (line 3)) (4.15.1)
#28 4.673 Requirement already satisfied: click==8.5.0 in /opt/venv/lib/python3.11/site-packages (from -r /tmp/requirements-runtime.lock (line 4)) (8.5.0)
#28 4.676 Requirement already satisfied: coloredlogs==15.0.1 in /opt/venv/lib/python3.11/site-packages (from -r /tmp/requirements-runtime.lock (line 5)) (15.0.1)
#28 4.680 Requirement already satisfied: fastapi==0.116.2 in /opt/venv/lib/python3.11/site-packages (from -r /tmp/requirements-runtime.lock (line 6)) (0.116.2)
#28 4.682 Requirement already satisfied: flatbuffers==25.12.19 in /opt/venv/lib/python3.11/site-packages (from -r /tmp/requirements-runtime.lock (line 7)) (25.12.19)
#28 4.687 Requirement already satisfied: h11==0.16.0 in /opt/venv/lib/python3.11/site-packages (from -r /tmp/requirements-runtime.lock (line 8)) (0.16.0)
#28 4.690 Requirement already satisfied: humanfriendly==10.0 in /opt/venv/lib/python3.11/site-packages (from -r /tmp/requirements-runtime.lock (line 9)) (10.0)
#28 4.697 Requirement already satisfied: idna==3.19 in /opt/venv/lib/python3.11/site-packages (from -r /tmp/requirements-runtime.lock (line 10)) (3.19)
#28 4.702 Requirement already satisfied: mpmath==1.3.0 in /opt/venv/lib/python3.11/site-packages (from -r /tmp/requirements-runtime.lock (line 11)) (1.3.0)
#28 4.711 Requirement already satisfied: numpy==2.2.6 in /opt/venv/lib/python3.11/site-packages (from -r /tmp/requirements-runtime.lock (line 12)) (2.2.6)
#28 4.715 Requirement already satisfied: onnxruntime==1.23.2 in /opt/venv/lib/python3.11/site-packages (from -r /tmp/requirements-runtime.lock (line 13)) (1.23.2)
#28 4.718 Requirement already satisfied: packaging==26.3 in /opt/venv/lib/python3.11/site-packages (from -r /tmp/requirements-runtime.lock (line 14)) (26.3)
#28 4.721 Requirement already satisfied: prometheus-client==0.22.1 in /opt/venv/lib/python3.11/site-packages (from -r /tmp/requirements-runtime.lock (line 15)) (0.22.1)
#28 4.723 Requirement already satisfied: protobuf==7.36.1 in /opt/venv/lib/python3.11/site-packages (from -r /tmp/requirements-runtime.lock (line 16)) (7.36.1)
#28 4.728 Requirement already satisfied: pydantic==2.13.5 in /opt/venv/lib/python3.11/site-packages (from -r /tmp/requirements-runtime.lock (line 17)) (2.13.5)
#28 4.729 Requirement already satisfied: pydantic-core==2.46.5 in /opt/venv/lib/python3.11/site-packages (from -r /tmp/requirements-runtime.lock (line 18)) (2.46.5)
#28 4.731 Requirement already satisfied: starlette==0.48.0 in /opt/venv/lib/python3.11/site-packages (from -r /tmp/requirements-runtime.lock (line 20)) (0.48.0)
#28 4.734 Requirement already satisfied: sympy==1.14.0 in /opt/venv/lib/python3.11/site-packages (from -r /tmp/requirements-runtime.lock (line 21)) (1.14.0)
#28 4.739 Requirement already satisfied: typing-extensions==4.16.0 in /opt/venv/lib/python3.11/site-packages (from -r /tmp/requirements-runtime.lock (line 22)) (4.16.0)
#28 4.742 Requirement already satisfied: typing-inspection==0.4.4 in /opt/venv/lib/python3.11/site-packages (from -r /tmp/requirements-runtime.lock (line 23)) (0.4.4)
#28 4.745 Requirement already satisfied: uvicorn==0.35.0 in /opt/venv/lib/python3.11/site-packages (from -r /tmp/requirements-runtime.lock (line 24)) (0.35.0)
#28 4.939 Collecting joblib==1.5.3 (from -r /tmp/requirements-treinamento.lock (line 3))
#28 5.068   Downloading joblib-1.5.3-py3-none-any.whl.metadata (5.5 kB)
#28 5.266 Collecting ml-dtypes==0.6.0 (from -r /tmp/requirements-treinamento.lock (line 5))
#28 5.277   Downloading ml_dtypes-0.6.0-cp311-cp311-manylinux_2_27_x86_64.manylinux_2_28_x86_64.whl.metadata (8.8 kB)
#28 5.538 Collecting onnx==1.19.1 (from -r /tmp/requirements-treinamento.lock (line 6))
#28 5.549   Downloading onnx-1.19.1-cp311-cp311-manylinux2014_x86_64.manylinux_2_17_x86_64.whl.metadata (7.0 kB)
#28 5.846 Collecting pandas==2.3.3 (from -r /tmp/requirements-treinamento.lock (line 7))
#28 5.856   Downloading pandas-2.3.3-cp311-cp311-manylinux_2_24_x86_64.manylinux_2_28_x86_64.whl.metadata (91 kB)
#28 5.871      ━━━━━━━━━━━━━━━━━━━━━━━━━━━━━━━━━━━━━━━━ 91.2/91.2 kB 8.6 MB/s eta 0:00:00
#28 5.926 Collecting python-dateutil==2.9.0.post0 (from -r /tmp/requirements-treinamento.lock (line 8))
#28 5.937   Downloading python_dateutil-2.9.0.post0-py2.py3-none-any.whl.metadata (8.4 kB)
#28 6.029 Collecting pytz==2026.3.post1 (from -r /tmp/requirements-treinamento.lock (line 9))
#28 6.039   Downloading pytz-2026.3.post1-py2.py3-none-any.whl.metadata (22 kB)
#28 6.250 Collecting scikit-learn==1.7.2 (from -r /tmp/requirements-treinamento.lock (line 10))
#28 6.263   Downloading scikit_learn-1.7.2-cp311-cp311-manylinux2014_x86_64.manylinux_2_17_x86_64.whl.metadata (11 kB)
#28 6.562 Collecting scipy==1.17.1 (from -r /tmp/requirements-treinamento.lock (line 11))
#28 6.573   Downloading scipy-1.17.1-cp311-cp311-manylinux_2_27_x86_64.manylinux_2_28_x86_64.whl.metadata (62 kB)
#28 6.581      ━━━━━━━━━━━━━━━━━━━━━━━━━━━━━━━━━━━━━━━━ 62.1/62.1 kB 16.6 MB/s eta 0:00:00
#28 6.630 Collecting six==1.17.0 (from -r /tmp/requirements-treinamento.lock (line 12))
#28 6.640   Downloading six-1.17.0-py2.py3-none-any.whl.metadata (1.7 kB)
#28 6.803 Collecting skl2onnx==1.19.1 (from -r /tmp/requirements-treinamento.lock (line 13))
#28 6.813   Downloading skl2onnx-1.19.1-py3-none-any.whl.metadata (3.8 kB)
#28 6.838 Collecting threadpoolctl==3.6.0 (from -r /tmp/requirements-treinamento.lock (line 14))
#28 6.847   Downloading threadpoolctl-3.6.0-py3-none-any.whl.metadata (13 kB)
#28 6.886 Collecting tzdata==2026.4 (from -r /tmp/requirements-treinamento.lock (line 15))
#28 6.896   Downloading tzdata-2026.4-py2.py3-none-any.whl.metadata (1.4 kB)
#28 7.486 Downloading joblib-1.5.3-py3-none-any.whl (309 kB)
#28 7.536    ━━━━━━━━━━━━━━━━━━━━━━━━━━━━━━━━━━━━━━━━ 309.1/309.1 kB 7.0 MB/s eta 0:00:00
#28 7.546 Downloading ml_dtypes-0.6.0-cp311-cp311-manylinux_2_27_x86_64.manylinux_2_28_x86_64.whl (412 kB)
#28 7.581    ━━━━━━━━━━━━━━━━━━━━━━━━━━━━━━━━━━━━━━━━ 412.0/412.0 kB 13.4 MB/s eta 0:00:00
#28 7.591 Downloading onnx-1.19.1-cp311-cp311-manylinux2014_x86_64.manylinux_2_17_x86_64.whl (18.2 MB)
#28 10.18    ━━━━━━━━━━━━━━━━━━━━━━━━━━━━━━━━━━━━━━━━ 18.2/18.2 MB 7.1 MB/s eta 0:00:00
#28 10.19 Downloading pandas-2.3.3-cp311-cp311-manylinux_2_24_x86_64.manylinux_2_28_x86_64.whl (12.8 MB)
#28 ...

#29 [api runtime 1/1] COPY --from=dependencias_runtime /opt/venv /opt/venv
#29 ...

#28 [pipeline dependencias_treinamento 2/2] RUN python -m pip --python /opt/venv/bin/python install --no-cache-dir --no-compile     -r /tmp/requirements-treinamento.lock     && python -m pip --python /opt/venv/bin/python check
#28 11.41    ━━━━━━━━━━━━━━━━━━━━━━━━━━━━━━━━━━━━━━━━ 12.8/12.8 MB 9.9 MB/s eta 0:00:00
#28 11.43 Downloading python_dateutil-2.9.0.post0-py2.py3-none-any.whl (229 kB)
#28 11.45    ━━━━━━━━━━━━━━━━━━━━━━━━━━━━━━━━━━━━━━━━ 229.9/229.9 kB 16.5 MB/s eta 0:00:00
#28 11.46 Downloading pytz-2026.3.post1-py2.py3-none-any.whl (508 kB)
#28 11.51    ━━━━━━━━━━━━━━━━━━━━━━━━━━━━━━━━━━━━━━━━ 508.3/508.3 kB 10.2 MB/s eta 0:00:00
#28 11.53 Downloading scikit_learn-1.7.2-cp311-cp311-manylinux2014_x86_64.manylinux_2_17_x86_64.whl (9.7 MB)
#28 12.47    ━━━━━━━━━━━━━━━━━━━━━━━━━━━━━━━━━━━━━━━━ 9.7/9.7 MB 10.3 MB/s eta 0:00:00
#28 12.48 Downloading scipy-1.17.1-cp311-cp311-manylinux_2_27_x86_64.manylinux_2_28_x86_64.whl (35.3 MB)
#28 15.81    ━━━━━━━━━━━━━━━━━━━━━━━━━━━━━━━━━━━━━━━━ 35.3/35.3 MB 9.4 MB/s eta 0:00:00
#28 15.82 Downloading six-1.17.0-py2.py3-none-any.whl (11 kB)
#28 15.83 Downloading skl2onnx-1.19.1-py3-none-any.whl (315 kB)
#28 15.87    ━━━━━━━━━━━━━━━━━━━━━━━━━━━━━━━━━━━━━━━━ 315.5/315.5 kB 10.1 MB/s eta 0:00:00
#28 15.90 Downloading threadpoolctl-3.6.0-py3-none-any.whl (18 kB)
#28 15.92 Downloading tzdata-2026.4-py2.py3-none-any.whl (347 kB)
#28 15.96    ━━━━━━━━━━━━━━━━━━━━━━━━━━━━━━━━━━━━━━━━ 347.5/347.5 kB 10.0 MB/s eta 0:00:00
#28 17.04 Installing collected packages: pytz, tzdata, threadpoolctl, six, scipy, ml-dtypes, joblib, scikit-learn, python-dateutil, onnx, skl2onnx, pandas
#28 ...

#29 [api runtime 1/1] COPY --from=dependencias_runtime /opt/venv /opt/venv
#29 DONE 24.1s

#30 [api] exporting to image
#30 exporting layers
#30 ...

#28 [pipeline dependencias_treinamento 2/2] RUN python -m pip --python /opt/venv/bin/python install --no-cache-dir --no-compile     -r /tmp/requirements-treinamento.lock     && python -m pip --python /opt/venv/bin/python check
#28 35.18 Successfully installed joblib-1.5.3 ml-dtypes-0.6.0 onnx-1.19.1 pandas-2.3.3 python-dateutil-2.9.0.post0 pytz-2026.3.post1 scikit-learn-1.7.2 scipy-1.17.1 six-1.17.0 skl2onnx-1.19.1 threadpoolctl-3.6.0 tzdata-2026.4
#28 41.75 No broken requirements found.
#28 ...

#30 [api] exporting to image
#30 exporting layers 17.6s done
#30 exporting manifest sha256:7d1b83dc9a9ae41d2b5772d6b1ec483f0de6ed05c30e25e297386697594f3d99
#30 exporting manifest sha256:7d1b83dc9a9ae41d2b5772d6b1ec483f0de6ed05c30e25e297386697594f3d99 0.2s done
#30 exporting config sha256:ba1999ee221bc236549e082b571828ec6c3ea99ebc9fc0177a325e86240206ed
#30 exporting config sha256:ba1999ee221bc236549e082b571828ec6c3ea99ebc9fc0177a325e86240206ed 0.1s done
#30 exporting attestation manifest sha256:fed3af4dacf164d8c634a9f7b75c35b4c3b0a33c500c8cc5c778b56b6f8e825c
#30 exporting attestation manifest sha256:fed3af4dacf164d8c634a9f7b75c35b4c3b0a33c500c8cc5c778b56b6f8e825c 0.4s done
#30 exporting manifest list sha256:5617e32e0ad11c543d32cfab09ad179b32793910221de0a3a1b255397b967dc3
#30 exporting manifest list sha256:5617e32e0ad11c543d32cfab09ad179b32793910221de0a3a1b255397b967dc3 0.8s done
#30 naming to docker.io/library/medical-classifier:local 0.1s done
#30 unpacking to docker.io/library/medical-classifier:local
#30 unpacking to docker.io/library/medical-classifier:local 5.5s done
#30 DONE 25.1s

#28 [pipeline dependencias_treinamento 2/2] RUN python -m pip --python /opt/venv/bin/python install --no-cache-dir --no-compile     -r /tmp/requirements-treinamento.lock     && python -m pip --python /opt/venv/bin/python check
#28 ...

#31 [api] resolving provenance for metadata file
#31 DONE 2.4s

#28 [pipeline dependencias_treinamento 2/2] RUN python -m pip --python /opt/venv/bin/python install --no-cache-dir --no-compile     -r /tmp/requirements-treinamento.lock     && python -m pip --python /opt/venv/bin/python check
#28 DONE 66.3s

#32 [pipeline treinamento 1/1] COPY --from=dependencias_treinamento /opt/venv /opt/venv
#32 DONE 36.9s

#33 [pipeline] exporting to image
#33 exporting layers
#33 exporting layers 61.9s done
#33 exporting manifest sha256:e8a54439ea11e5d2f052d19f8e5ffe2c001f41c32e60fba110039cb65a4806a5 0.0s done
#33 exporting config sha256:ab34465075b7df12d99fead70826c749342f2e60cb1c7c43f7014c343c1dfc81 0.0s done
#33 exporting attestation manifest sha256:5c928165983407b769dab559d2a37fd5169c2e604e96cf5caaa2f1db6628f2f0 0.0s done
#33 exporting manifest list sha256:a15688140c748dde33bdc8cd74dd5a289652583aaf1b3bf721e48c83c1184290
#33 exporting manifest list sha256:a15688140c748dde33bdc8cd74dd5a289652583aaf1b3bf721e48c83c1184290 0.0s done
#33 naming to docker.io/library/medical-classifier-treino:local done
#33 unpacking to docker.io/library/medical-classifier-treino:local
#33 unpacking to docker.io/library/medical-classifier-treino:local 12.8s done
#33 DONE 76.7s

#34 [pipeline] resolving provenance for metadata file
#34 DONE 0.0s
 Image medical-classifier:local Built 
 Image medical-classifier-treino:local Built 
