 Image medical-classifier-airflow:local Building 
#1 [internal] load local bake definitions
#1 reading from stdin 569B 0.0s done
#1 DONE 0.0s

#2 [internal] load build definition from Dockerfile.airflow
#2 transferring dockerfile: 1.91kB 0.0s done
#2 DONE 0.0s

#3 [internal] load metadata for docker.io/library/medical-classifier-treino:local
#3 DONE 0.1s

#4 [internal] load .dockerignore
#4 transferring context: 335B done
#4 DONE 0.0s

#5 [internal] load build context
#5 DONE 0.0s

#6 [2/7] ADD --checksum=sha256:b32ab3fa687c0e04b2260526fee79813bfb7944da5b6805e429c9f71b07c53f3     https://raw.githubusercontent.com/apache/airflow/338bcef28071e8b833876554c502079adb3739d0/constraints-3.11.txt     /opt/airflow-constraints-3.11.txt
#6 DONE 0.0s

#7 [1/7] FROM docker.io/library/medical-classifier-treino:local@sha256:a15688140c748dde33bdc8cd74dd5a289652583aaf1b3bf721e48c83c1184290
#7 resolve docker.io/library/medical-classifier-treino:local@sha256:a15688140c748dde33bdc8cd74dd5a289652583aaf1b3bf721e48c83c1184290 0.0s done
#7 DONE 0.2s

#5 [internal] load build context
#5 transferring context: 1.28kB 0.1s done
#5 DONE 0.1s

#6 [2/7] ADD --checksum=sha256:b32ab3fa687c0e04b2260526fee79813bfb7944da5b6805e429c9f71b07c53f3     https://raw.githubusercontent.com/apache/airflow/338bcef28071e8b833876554c502079adb3739d0/constraints-3.11.txt     /opt/airflow-constraints-3.11.txt
#6 DONE 0.5s

#8 [2/7] ADD --checksum=sha256:b32ab3fa687c0e04b2260526fee79813bfb7944da5b6805e429c9f71b07c53f3     https://raw.githubusercontent.com/apache/airflow/338bcef28071e8b833876554c502079adb3739d0/constraints-3.11.txt     /opt/airflow-constraints-3.11.txt
#8 DONE 5.5s

#9 [3/7] RUN /usr/local/bin/python -m venv --without-pip /opt/airflow-venv     && /usr/local/bin/python -m pip --python /opt/airflow-venv/bin/python install --no-cache-dir --no-compile         "apache-airflow==2.11.0" --constraint /opt/airflow-constraints-3.11.txt     && /usr/local/bin/python -m pip --python /opt/airflow-venv/bin/python check     && ln -s /opt/venv /opt/model-venv     && mkdir -p /opt/airflow/dags /opt/airflow/estado     && chown -R 10001:0 /opt/airflow     && chmod -R g+rwX /opt/airflow
#9 5.708 Collecting apache-airflow==2.11.0
#9 5.823   Downloading apache_airflow-2.11.0-py3-none-any.whl.metadata (45 kB)
#9 5.836      ━━━━━━━━━━━━━━━━━━━━━━━━━━━━━━━━━━━━━━━━ 45.4/45.4 kB 4.2 MB/s eta 0:00:00
#9 6.502 Collecting alembic<2.0,>=1.13.1 (from apache-airflow==2.11.0)
#9 6.521   Downloading alembic-1.15.2-py3-none-any.whl.metadata (7.3 kB)
#9 6.581 Collecting argcomplete>=1.10 (from apache-airflow==2.11.0)
#9 6.593   Downloading argcomplete-3.6.2-py3-none-any.whl.metadata (16 kB)
#9 6.645 Collecting asgiref>=2.3.0 (from apache-airflow==2.11.0)
#9 6.657   Downloading asgiref-3.8.1-py3-none-any.whl.metadata (9.3 kB)
#9 6.696 Collecting attrs>=22.1.0 (from apache-airflow==2.11.0)
#9 6.707   Downloading attrs-25.3.0-py3-none-any.whl.metadata (10 kB)
#9 6.735 Collecting blinker>=1.6.2 (from apache-airflow==2.11.0)
#9 6.747   Downloading blinker-1.9.0-py3-none-any.whl.metadata (1.6 kB)
#9 6.788 Collecting colorlog>=6.8.2 (from apache-airflow==2.11.0)
#9 6.803   Downloading colorlog-6.9.0-py3-none-any.whl.metadata (10 kB)
#9 6.967 Collecting configupdater>=3.1.1 (from apache-airflow==2.11.0)
#9 6.979   Downloading ConfigUpdater-3.2-py2.py3-none-any.whl.metadata (10 kB)
#9 7.186 Collecting connexion<3.0,>=2.14.2 (from connexion[flask]<3.0,>=2.14.2->apache-airflow==2.11.0)
#9 7.196   Downloading connexion-2.14.2-py2.py3-none-any.whl.metadata (28 kB)
#9 7.228 Collecting cron-descriptor>=1.2.24 (from apache-airflow==2.11.0)
#9 7.240   Downloading cron_descriptor-1.4.5-py3-none-any.whl.metadata (5.7 kB)
#9 7.315 Collecting croniter>=2.0.2 (from apache-airflow==2.11.0)
#9 7.326   Downloading croniter-6.0.0-py2.py3-none-any.whl.metadata (32 kB)
#9 7.827 Collecting cryptography>=41.0.0 (from apache-airflow==2.11.0)
#9 7.837   Downloading cryptography-42.0.8-cp39-abi3-manylinux_2_28_x86_64.whl.metadata (5.3 kB)
#9 7.873 Collecting deprecated>=1.2.13 (from apache-airflow==2.11.0)
#9 7.889   Downloading Deprecated-1.2.18-py2.py3-none-any.whl.metadata (5.7 kB)
#9 7.922 Collecting dill>=0.2.2 (from apache-airflow==2.11.0)
#9 7.934   Downloading dill-0.3.1.1.tar.gz (151 kB)
#9 7.953      ━━━━━━━━━━━━━━━━━━━━━━━━━━━━━━━━━━━━━━ 152.0/152.0 kB 12.1 MB/s eta 0:00:00
#9 7.974   Installing build dependencies: started
#9 12.04   Installing build dependencies: finished with status 'done'
#9 12.04   Getting requirements to build wheel: started
#9 12.70   Getting requirements to build wheel: finished with status 'done'
#9 12.70   Preparing metadata (pyproject.toml): started
#9 13.35   Preparing metadata (pyproject.toml): finished with status 'done'
#9 13.38 Collecting flask-caching>=2.0.0 (from apache-airflow==2.11.0)
#9 13.40   Downloading Flask_Caching-2.3.1-py3-none-any.whl.metadata (2.2 kB)
#9 13.56 Collecting flask-session<0.6,>=0.4.0 (from apache-airflow==2.11.0)
#9 13.57   Downloading flask_session-0.5.0-py3-none-any.whl.metadata (1.4 kB)
#9 13.73 Collecting flask-wtf>=1.1.0 (from apache-airflow==2.11.0)
#9 13.74   Downloading flask_wtf-1.2.2-py3-none-any.whl.metadata (3.4 kB)
#9 13.79 Collecting flask<2.3,>=2.2.1 (from apache-airflow==2.11.0)
#9 13.80   Downloading Flask-2.2.5-py3-none-any.whl.metadata (3.9 kB)
#9 13.85 Collecting fsspec>=2023.10.0 (from apache-airflow==2.11.0)
#9 13.87   Downloading fsspec-2025.3.2-py3-none-any.whl.metadata (11 kB)
#9 14.21 Collecting google-re2>=1.0 (from apache-airflow==2.11.0)
#9 14.23   Downloading google_re2-1.1.20240702-1-cp311-cp311-manylinux_2_24_x86_64.manylinux_2_28_x86_64.whl.metadata (2.2 kB)
#9 14.28 Collecting gunicorn>=20.1.0 (from apache-airflow==2.11.0)
#9 14.30   Downloading gunicorn-23.0.0-py3-none-any.whl.metadata (4.4 kB)
#9 15.19 Collecting httpx>=0.25.0 (from apache-airflow==2.11.0)
#9 15.20   Downloading httpx-0.27.0-py3-none-any.whl.metadata (7.2 kB)
#9 16.44 Collecting importlib_metadata>=6.5 (from apache-airflow==2.11.0)
#9 16.62   Downloading importlib_metadata-6.11.0-py3-none-any.whl.metadata (4.9 kB)
#9 16.99 Collecting itsdangerous>=2.0 (from apache-airflow==2.11.0)
#9 17.09   Downloading itsdangerous-2.2.0-py3-none-any.whl.metadata (1.9 kB)
#9 17.13 Collecting jinja2>=3.0.0 (from apache-airflow==2.11.0)
#9 17.14   Downloading jinja2-3.1.6-py3-none-any.whl.metadata (2.9 kB)
#9 17.20 Collecting jsonschema>=4.18.0 (from apache-airflow==2.11.0)
#9 17.22   Downloading jsonschema-4.23.0-py3-none-any.whl.metadata (7.9 kB)
#9 17.31 Collecting lazy-object-proxy>=1.2.0 (from apache-airflow==2.11.0)
#9 17.32   Downloading lazy_object_proxy-1.11.0-py3-none-any.whl.metadata (8.2 kB)
#9 17.36 Collecting linkify-it-py>=2.0.0 (from apache-airflow==2.11.0)
#9 17.37   Downloading linkify_it_py-2.0.3-py3-none-any.whl.metadata (8.5 kB)
#9 17.40 Collecting lockfile>=0.12.2 (from apache-airflow==2.11.0)
#9 17.41   Downloading lockfile-0.12.2-py2.py3-none-any.whl.metadata (2.4 kB)
#9 17.49 Collecting markdown-it-py>=2.1.0 (from apache-airflow==2.11.0)
#9 17.57   Downloading markdown_it_py-3.0.0-py3-none-any.whl.metadata (6.9 kB)
#9 17.67 Collecting markupsafe>=1.1.1 (from apache-airflow==2.11.0)
#9 17.77   Downloading MarkupSafe-3.0.2-cp311-cp311-manylinux_2_17_x86_64.manylinux2014_x86_64.whl.metadata (4.0 kB)
#9 17.98 Collecting marshmallow-oneofschema>=2.0.1 (from apache-airflow==2.11.0)
#9 17.99   Downloading marshmallow_oneofschema-3.2.0-py3-none-any.whl.metadata (5.3 kB)
#9 18.04 Collecting mdit-py-plugins>=0.3.0 (from apache-airflow==2.11.0)
#9 18.05   Downloading mdit_py_plugins-0.4.2-py3-none-any.whl.metadata (2.8 kB)
#9 18.07 Collecting methodtools>=0.4.7 (from apache-airflow==2.11.0)
#9 18.11   Downloading methodtools-0.4.7-py2.py3-none-any.whl.metadata (3.0 kB)
#9 18.16 Collecting opentelemetry-api>=1.24.0 (from apache-airflow==2.11.0)
#9 18.27   Downloading opentelemetry_api-1.27.0-py3-none-any.whl.metadata (1.4 kB)
#9 18.32 Collecting opentelemetry-exporter-otlp>=1.24.0 (from apache-airflow==2.11.0)
#9 18.36   Downloading opentelemetry_exporter_otlp-1.27.0-py3-none-any.whl.metadata (2.3 kB)
#9 18.41 Collecting packaging>=23.0 (from apache-airflow==2.11.0)
#9 18.42   Downloading packaging-25.0-py3-none-any.whl.metadata (3.3 kB)
#9 18.45 Collecting pathspec>=0.9.0 (from apache-airflow==2.11.0)
#9 18.46   Downloading pathspec-0.12.1-py3-none-any.whl.metadata (21 kB)
#9 18.73 Collecting pendulum<4.0,>=2.1.2 (from apache-airflow==2.11.0)
#9 18.78   Downloading pendulum-3.1.0-cp311-cp311-manylinux_2_17_x86_64.manylinux2014_x86_64.whl.metadata (6.8 kB)
#9 18.81 Collecting pluggy>=1.5.0 (from apache-airflow==2.11.0)
#9 18.84   Downloading pluggy-1.6.0-py3-none-any.whl.metadata (4.8 kB)
#9 19.00 Collecting psutil>=5.8.0 (from apache-airflow==2.11.0)
#9 19.04   Downloading psutil-7.0.0-cp36-abi3-manylinux_2_12_x86_64.manylinux2010_x86_64.manylinux_2_17_x86_64.manylinux2014_x86_64.whl.metadata (22 kB)
#9 19.13 Collecting pygments>=2.0.1 (from apache-airflow==2.11.0)
#9 19.14   Downloading pygments-2.19.1-py3-none-any.whl.metadata (2.5 kB)
#9 19.18 Collecting pyjwt>=2.0.0 (from apache-airflow==2.11.0)
#9 19.19   Downloading PyJWT-2.10.1-py3-none-any.whl.metadata (4.0 kB)
#9 19.22 Collecting python-daemon>=3.0.0 (from apache-airflow==2.11.0)
#9 19.23   Downloading python_daemon-3.1.2-py3-none-any.whl.metadata (4.8 kB)
#9 19.27 Collecting python-dateutil>=2.7.0 (from apache-airflow==2.11.0)
#9 19.28   Downloading python_dateutil-2.9.0.post0-py2.py3-none-any.whl.metadata (8.4 kB)
#9 19.44 Collecting python-nvd3>=0.15.0 (from apache-airflow==2.11.0)
#9 19.46   Downloading python-nvd3-0.16.0.tar.gz (34 kB)
#9 19.48   Installing build dependencies: started
#9 22.88   Installing build dependencies: finished with status 'done'
#9 22.89   Getting requirements to build wheel: started
#9 23.53   Getting requirements to build wheel: finished with status 'done'
#9 23.54   Preparing metadata (pyproject.toml): started
#9 24.20   Preparing metadata (pyproject.toml): finished with status 'done'
#9 24.23 Collecting python-slugify>=5.0 (from apache-airflow==2.11.0)
#9 24.25   Downloading python_slugify-8.0.4-py2.py3-none-any.whl.metadata (8.5 kB)
#9 24.34 Collecting requests<3,>=2.27.0 (from apache-airflow==2.11.0)
#9 24.35   Downloading requests-2.32.3-py3-none-any.whl.metadata (4.6 kB)
#9 24.38 Collecting requests-toolbelt>=0.4.0 (from apache-airflow==2.11.0)
#9 24.39   Downloading requests_toolbelt-1.0.0-py2.py3-none-any.whl.metadata (14 kB)
#9 24.42 Collecting rfc3339-validator>=0.1.4 (from apache-airflow==2.11.0)
#9 24.43   Downloading rfc3339_validator-0.1.4-py2.py3-none-any.whl.metadata (1.5 kB)
#9 24.46 Collecting rich-argparse>=1.0.0 (from apache-airflow==2.11.0)
#9 24.49   Downloading rich_argparse-1.7.0-py3-none-any.whl.metadata (14 kB)
#9 24.61 Collecting rich>=12.4.4 (from apache-airflow==2.11.0)
#9 24.62   Downloading rich-13.9.4-py3-none-any.whl.metadata (18 kB)
#9 24.72 Collecting setproctitle>=1.3.3 (from apache-airflow==2.11.0)
#9 24.73   Downloading setproctitle-1.3.6-cp311-cp311-manylinux_2_5_x86_64.manylinux1_x86_64.manylinux_2_17_x86_64.manylinux2014_x86_64.whl.metadata (10 kB)
#9 25.44 Collecting sqlalchemy<2.0,>=1.4.36 (from apache-airflow==2.11.0)
#9 25.45   Downloading SQLAlchemy-1.4.54-cp311-cp311-manylinux_2_5_x86_64.manylinux1_x86_64.manylinux_2_17_x86_64.manylinux2014_x86_64.whl.metadata (10 kB)
#9 25.61 Collecting sqlalchemy-jsonfield>=1.0 (from apache-airflow==2.11.0)
#9 25.63   Downloading SQLAlchemy_JSONField-1.0.2-py3-none-any.whl.metadata (5.2 kB)
#9 25.65 Collecting tabulate>=0.7.5 (from apache-airflow==2.11.0)
#9 25.67   Downloading tabulate-0.9.0-py3-none-any.whl.metadata (34 kB)
#9 25.71 Collecting tenacity!=8.2.0,>=8.0.0 (from apache-airflow==2.11.0)
#9 25.72   Downloading tenacity-9.1.2-py3-none-any.whl.metadata (1.2 kB)
#9 25.75 Collecting termcolor>=1.1.0 (from apache-airflow==2.11.0)
#9 25.77   Downloading termcolor-3.1.0-py3-none-any.whl.metadata (6.4 kB)
#9 25.81 Collecting universal-pathlib!=0.2.4,>=0.2.2 (from apache-airflow==2.11.0)
#9 25.83   Downloading universal_pathlib-0.2.6-py3-none-any.whl.metadata (25 kB)
#9 25.89 Collecting werkzeug<3,>=2.0 (from apache-airflow==2.11.0)
#9 25.91   Downloading Werkzeug-2.2.3-py3-none-any.whl.metadata (4.4 kB)
#9 25.95 Collecting apache-airflow-providers-common-compat (from apache-airflow==2.11.0)
#9 25.97   Downloading apache_airflow_providers_common_compat-1.7.0-py3-none-any.whl.metadata (5.3 kB)
#9 26.15 Collecting apache-airflow-providers-common-io (from apache-airflow==2.11.0)
#9 26.16   Downloading apache_airflow_providers_common_io-1.6.0-py3-none-any.whl.metadata (5.2 kB)
#9 26.25 Collecting apache-airflow-providers-common-sql (from apache-airflow==2.11.0)
#9 26.26   Downloading apache_airflow_providers_common_sql-1.27.1-py3-none-any.whl.metadata (5.3 kB)
#9 26.46 Collecting apache-airflow-providers-fab>=1.0.2 (from apache-airflow==2.11.0)
#9 26.47   Downloading apache_airflow_providers_fab-1.5.3-py3-none-any.whl.metadata (6.4 kB)
#9 26.74 Collecting apache-airflow-providers-ftp (from apache-airflow==2.11.0)
#9 26.75   Downloading apache_airflow_providers_ftp-3.13.0-py3-none-any.whl.metadata (5.2 kB)
#9 26.95 Collecting apache-airflow-providers-http (from apache-airflow==2.11.0)
#9 26.96   Downloading apache_airflow_providers_http-5.3.0-py3-none-any.whl.metadata (4.1 kB)
#9 27.15 Collecting apache-airflow-providers-imap (from apache-airflow==2.11.0)
#9 27.16   Downloading apache_airflow_providers_imap-3.9.0-py3-none-any.whl.metadata (3.8 kB)
#9 27.21 Collecting apache-airflow-providers-smtp (from apache-airflow==2.11.0)
#9 27.22   Downloading apache_airflow_providers_smtp-2.1.0-py3-none-any.whl.metadata (5.1 kB)
#9 27.41 Collecting apache-airflow-providers-sqlite (from apache-airflow==2.11.0)
#9 27.42   Downloading apache_airflow_providers_sqlite-4.1.0-py3-none-any.whl.metadata (5.0 kB)
#9 27.49 Collecting Mako (from alembic<2.0,>=1.13.1->apache-airflow==2.11.0)
#9 27.50   Downloading mako-1.3.10-py3-none-any.whl.metadata (2.9 kB)
#9 27.54 Collecting typing-extensions>=4.12 (from alembic<2.0,>=1.13.1->apache-airflow==2.11.0)
#9 27.55   Downloading typing_extensions-4.13.2-py3-none-any.whl.metadata (3.0 kB)
#9 27.84 Collecting flask-appbuilder==4.5.3 (from apache-airflow-providers-fab>=1.0.2->apache-airflow==2.11.0)
#9 27.85   Downloading Flask_AppBuilder-4.5.3-py3-none-any.whl.metadata (8.9 kB)
#9 28.01 Collecting flask-login>=0.6.2 (from apache-airflow-providers-fab>=1.0.2->apache-airflow==2.11.0)
#9 28.02   Downloading Flask_Login-0.6.3-py3-none-any.whl.metadata (5.8 kB)
#9 28.05 Collecting jmespath>=0.7.0 (from apache-airflow-providers-fab>=1.0.2->apache-airflow==2.11.0)
#9 28.07   Downloading jmespath-0.10.0-py2.py3-none-any.whl.metadata (8.0 kB)
#9 28.28 Collecting apispec<7,>=6.0.0 (from apispec[yaml]<7,>=6.0.0->flask-appbuilder==4.5.3->apache-airflow-providers-fab>=1.0.2->apache-airflow==2.11.0)
#9 28.29   Downloading apispec-6.8.2-py3-none-any.whl.metadata (10 kB)
#9 28.33 Collecting colorama<1,>=0.3.9 (from flask-appbuilder==4.5.3->apache-airflow-providers-fab>=1.0.2->apache-airflow==2.11.0)
#9 28.34   Downloading colorama-0.4.6-py2.py3-none-any.whl.metadata (17 kB)
#9 28.38 Collecting click<9,>=8 (from flask-appbuilder==4.5.3->apache-airflow-providers-fab>=1.0.2->apache-airflow==2.11.0)
#9 28.39   Downloading click-8.2.0-py3-none-any.whl.metadata (2.5 kB)
#9 28.43 Collecting email-validator>=1.0.5 (from flask-appbuilder==4.5.3->apache-airflow-providers-fab>=1.0.2->apache-airflow==2.11.0)
#9 28.44   Downloading email_validator-2.2.0-py3-none-any.whl.metadata (25 kB)
#9 28.61 Collecting Flask-Babel<3,>=1 (from flask-appbuilder==4.5.3->apache-airflow-providers-fab>=1.0.2->apache-airflow==2.11.0)
#9 28.62   Downloading Flask_Babel-2.0.0-py3-none-any.whl.metadata (2.1 kB)
#9 28.81 Collecting Flask-Limiter<4,>3 (from flask-appbuilder==4.5.3->apache-airflow-providers-fab>=1.0.2->apache-airflow==2.11.0)
#9 28.83   Downloading flask_limiter-3.12-py3-none-any.whl.metadata (6.3 kB)
#9 29.00 Collecting Flask-SQLAlchemy<3,>=2.4 (from flask-appbuilder==4.5.3->apache-airflow-providers-fab>=1.0.2->apache-airflow==2.11.0)
#9 29.01   Downloading Flask_SQLAlchemy-2.5.1-py2.py3-none-any.whl.metadata (3.1 kB)
#9 29.19 Collecting Flask-JWT-Extended<5.0.0,>=4.0.0 (from flask-appbuilder==4.5.3->apache-airflow-providers-fab>=1.0.2->apache-airflow==2.11.0)
#9 29.20   Downloading Flask_JWT_Extended-4.7.1-py2.py3-none-any.whl.metadata (3.8 kB)
#9 29.32 Collecting marshmallow<4,>=3.18.0 (from flask-appbuilder==4.5.3->apache-airflow-providers-fab>=1.0.2->apache-airflow==2.11.0)
#9 29.33   Downloading marshmallow-3.26.1-py3-none-any.whl.metadata (7.3 kB)
#9 29.51 Collecting marshmallow-sqlalchemy<0.29.0,>=0.22.0 (from flask-appbuilder==4.5.3->apache-airflow-providers-fab>=1.0.2->apache-airflow==2.11.0)
#9 29.52   Downloading marshmallow_sqlalchemy-0.28.2-py2.py3-none-any.whl.metadata (6.8 kB)
#9 29.68 Collecting prison<1.0.0,>=0.2.1 (from flask-appbuilder==4.5.3->apache-airflow-providers-fab>=1.0.2->apache-airflow==2.11.0)
#9 29.69   Downloading prison-0.2.1-py2.py3-none-any.whl.metadata (973 bytes)
#9 29.76 Collecting sqlalchemy-utils<1,>=0.32.21 (from flask-appbuilder==4.5.3->apache-airflow-providers-fab>=1.0.2->apache-airflow==2.11.0)
#9 29.78   Downloading SQLAlchemy_Utils-0.41.2-py3-none-any.whl.metadata (4.2 kB)
#9 29.94 Collecting WTForms<4 (from flask-appbuilder==4.5.3->apache-airflow-providers-fab>=1.0.2->apache-airflow==2.11.0)
#9 29.95   Downloading wtforms-3.2.1-py3-none-any.whl.metadata (5.3 kB)
#9 30.25 Collecting clickclick<21,>=1.2 (from connexion<3.0,>=2.14.2->connexion[flask]<3.0,>=2.14.2->apache-airflow==2.11.0)
#9 30.26   Downloading clickclick-20.10.2-py2.py3-none-any.whl.metadata (7.6 kB)
#9 30.35 Collecting PyYAML<7,>=5.1 (from connexion<3.0,>=2.14.2->connexion[flask]<3.0,>=2.14.2->apache-airflow==2.11.0)
#9 30.36   Downloading PyYAML-6.0.2-cp311-cp311-manylinux_2_17_x86_64.manylinux2014_x86_64.whl.metadata (2.1 kB)
#9 30.53 Collecting inflection<0.6,>=0.3.1 (from connexion<3.0,>=2.14.2->connexion[flask]<3.0,>=2.14.2->apache-airflow==2.11.0)
#9 30.54   Downloading inflection-0.5.1-py2.py3-none-any.whl.metadata (1.7 kB)
#9 30.69 Collecting pytz>2021.1 (from croniter>=2.0.2->apache-airflow==2.11.0)
#9 30.70   Downloading pytz-2025.2-py2.py3-none-any.whl.metadata (22 kB)
#9 31.03 Collecting cffi>=1.12 (from cryptography>=41.0.0->apache-airflow==2.11.0)
#9 31.04   Downloading cffi-1.17.1-cp311-cp311-manylinux_2_17_x86_64.manylinux2014_x86_64.whl.metadata (1.5 kB)
#9 31.67 Collecting wrapt<2,>=1.10 (from deprecated>=1.2.13->apache-airflow==2.11.0)
#9 31.68   Downloading wrapt-1.17.2-cp311-cp311-manylinux_2_5_x86_64.manylinux1_x86_64.manylinux_2_17_x86_64.manylinux2014_x86_64.whl.metadata (6.4 kB)
#9 31.75 Collecting cachelib>=0.9.0 (from flask-caching>=2.0.0->apache-airflow==2.11.0)
#9 31.76   Downloading cachelib-0.13.0-py3-none-any.whl.metadata (2.0 kB)
#9 31.94 Collecting anyio (from httpx>=0.25.0->apache-airflow==2.11.0)
#9 31.95   Downloading anyio-4.9.0-py3-none-any.whl.metadata (4.7 kB)
#9 31.99 Collecting certifi (from httpx>=0.25.0->apache-airflow==2.11.0)
#9 32.00   Downloading certifi-2025.4.26-py3-none-any.whl.metadata (2.5 kB)
#9 32.05 Collecting httpcore==1.* (from httpx>=0.25.0->apache-airflow==2.11.0)
#9 32.06   Downloading httpcore-1.0.9-py3-none-any.whl.metadata (21 kB)
#9 32.10 Collecting idna (from httpx>=0.25.0->apache-airflow==2.11.0)
#9 32.11   Downloading idna-3.10-py3-none-any.whl.metadata (10 kB)
#9 32.13 Collecting sniffio (from httpx>=0.25.0->apache-airflow==2.11.0)
#9 32.14   Downloading sniffio-1.3.1-py3-none-any.whl.metadata (3.9 kB)
#9 32.18 Collecting h11>=0.16 (from httpcore==1.*->httpx>=0.25.0->apache-airflow==2.11.0)
#9 32.19   Downloading h11-0.16.0-py3-none-any.whl.metadata (8.3 kB)
#9 32.26 Collecting zipp>=0.5 (from importlib_metadata>=6.5->apache-airflow==2.11.0)
#9 32.28   Downloading zipp-3.21.0-py3-none-any.whl.metadata (3.7 kB)
#9 32.36 Collecting jsonschema-specifications>=2023.03.6 (from jsonschema>=4.18.0->apache-airflow==2.11.0)
#9 32.38   Downloading jsonschema_specifications-2025.4.1-py3-none-any.whl.metadata (2.9 kB)
#9 32.43 Collecting referencing>=0.28.4 (from jsonschema>=4.18.0->apache-airflow==2.11.0)
#9 32.44   Downloading referencing-0.36.2-py3-none-any.whl.metadata (2.8 kB)
#9 33.14 Collecting rpds-py>=0.7.1 (from jsonschema>=4.18.0->apache-airflow==2.11.0)
#9 33.15   Downloading rpds_py-0.25.0-cp311-cp311-manylinux_2_17_x86_64.manylinux2014_x86_64.whl.metadata (4.1 kB)
#9 33.20 Collecting uc-micro-py (from linkify-it-py>=2.0.0->apache-airflow==2.11.0)
#9 33.22   Downloading uc_micro_py-1.0.3-py3-none-any.whl.metadata (2.0 kB)
#9 33.28 Collecting mdurl~=0.1 (from markdown-it-py>=2.1.0->apache-airflow==2.11.0)
#9 33.30   Downloading mdurl-0.1.2-py3-none-any.whl.metadata (1.6 kB)
#9 33.41 Collecting wirerope>=0.4.7 (from methodtools>=0.4.7->apache-airflow==2.11.0)
#9 33.42   Downloading wirerope-1.0.0-py2.py3-none-any.whl.metadata (3.3 kB)
#9 33.51 Collecting opentelemetry-exporter-otlp-proto-grpc==1.27.0 (from opentelemetry-exporter-otlp>=1.24.0->apache-airflow==2.11.0)
#9 33.53   Downloading opentelemetry_exporter_otlp_proto_grpc-1.27.0-py3-none-any.whl.metadata (2.3 kB)
#9 33.57 Collecting opentelemetry-exporter-otlp-proto-http==1.27.0 (from opentelemetry-exporter-otlp>=1.24.0->apache-airflow==2.11.0)
#9 33.58   Downloading opentelemetry_exporter_otlp_proto_http-1.27.0-py3-none-any.whl.metadata (2.3 kB)
#9 33.65 Collecting googleapis-common-protos~=1.52 (from opentelemetry-exporter-otlp-proto-grpc==1.27.0->opentelemetry-exporter-otlp>=1.24.0->apache-airflow==2.11.0)
#9 33.66   Downloading googleapis_common_protos-1.70.0-py3-none-any.whl.metadata (9.3 kB)
#9 34.80 Collecting grpcio<2.0.0,>=1.0.0 (from opentelemetry-exporter-otlp-proto-grpc==1.27.0->opentelemetry-exporter-otlp>=1.24.0->apache-airflow==2.11.0)
#9 34.82   Downloading grpcio-1.71.0-cp311-cp311-manylinux_2_17_x86_64.manylinux2014_x86_64.whl.metadata (3.8 kB)
#9 34.86 Collecting opentelemetry-exporter-otlp-proto-common==1.27.0 (from opentelemetry-exporter-otlp-proto-grpc==1.27.0->opentelemetry-exporter-otlp>=1.24.0->apache-airflow==2.11.0)
#9 34.87   Downloading opentelemetry_exporter_otlp_proto_common-1.27.0-py3-none-any.whl.metadata (1.8 kB)
#9 34.93 Collecting opentelemetry-proto==1.27.0 (from opentelemetry-exporter-otlp-proto-grpc==1.27.0->opentelemetry-exporter-otlp>=1.24.0->apache-airflow==2.11.0)
#9 34.94   Downloading opentelemetry_proto-1.27.0-py3-none-any.whl.metadata (2.3 kB)
#9 34.99 Collecting opentelemetry-sdk~=1.27.0 (from opentelemetry-exporter-otlp-proto-grpc==1.27.0->opentelemetry-exporter-otlp>=1.24.0->apache-airflow==2.11.0)
#9 35.00   Downloading opentelemetry_sdk-1.27.0-py3-none-any.whl.metadata (1.5 kB)
#9 35.38 Collecting protobuf<5.0,>=3.19 (from opentelemetry-proto==1.27.0->opentelemetry-exporter-otlp-proto-grpc==1.27.0->opentelemetry-exporter-otlp>=1.24.0->apache-airflow==2.11.0)
#9 35.39   Downloading protobuf-4.25.7-cp37-abi3-manylinux2014_x86_64.whl.metadata (541 bytes)
#9 35.46 Collecting tzdata>=2020.1 (from pendulum<4.0,>=2.1.2->apache-airflow==2.11.0)
#9 35.47   Downloading tzdata-2025.2-py2.py3-none-any.whl.metadata (1.4 kB)
#9 35.63 Collecting six>=1.5 (from python-dateutil>=2.7.0->apache-airflow==2.11.0)
#9 35.64   Downloading six-1.17.0-py2.py3-none-any.whl.metadata (1.7 kB)
#9 35.70 Collecting text-unidecode>=1.3 (from python-slugify>=5.0->apache-airflow==2.11.0)
#9 35.71   Downloading text_unidecode-1.3-py2.py3-none-any.whl.metadata (2.4 kB)
#9 35.96 Collecting charset-normalizer<4,>=2 (from requests<3,>=2.27.0->apache-airflow==2.11.0)
#9 35.97   Downloading charset_normalizer-3.4.2-cp311-cp311-manylinux_2_17_x86_64.manylinux2014_x86_64.whl.metadata (35 kB)
#9 36.05 Collecting urllib3<3,>=1.21.1 (from requests<3,>=2.27.0->apache-airflow==2.11.0)
#9 36.07   Downloading urllib3-2.4.0-py3-none-any.whl.metadata (6.5 kB)
#9 36.62 Collecting greenlet!=0.4.17 (from sqlalchemy<2.0,>=1.4.36->apache-airflow==2.11.0)
#9 36.63   Downloading greenlet-3.2.2-cp311-cp311-manylinux_2_24_x86_64.manylinux_2_28_x86_64.whl.metadata (4.1 kB)
#9 36.91 Collecting sqlparse>=0.5.1 (from apache-airflow-providers-common-sql->apache-airflow==2.11.0)
#9 36.92   Downloading sqlparse-0.5.3-py3-none-any.whl.metadata (3.9 kB)
#9 36.97 Collecting more-itertools>=9.0.0 (from apache-airflow-providers-common-sql->apache-airflow==2.11.0)
#9 36.99   Downloading more_itertools-10.7.0-py3-none-any.whl.metadata (37 kB)
#9 38.38 Collecting aiohttp!=3.11.0,>=3.9.2 (from apache-airflow-providers-http->apache-airflow==2.11.0)
#9 38.39   Downloading aiohttp-3.11.18-cp311-cp311-manylinux_2_17_x86_64.manylinux2014_x86_64.whl.metadata (7.7 kB)
#9 38.68 Collecting aiohappyeyeballs>=2.3.0 (from aiohttp!=3.11.0,>=3.9.2->apache-airflow-providers-http->apache-airflow==2.11.0)
#9 38.69   Downloading aiohappyeyeballs-2.6.1-py3-none-any.whl.metadata (5.9 kB)
#9 38.73 Collecting aiosignal>=1.1.2 (from aiohttp!=3.11.0,>=3.9.2->apache-airflow-providers-http->apache-airflow==2.11.0)
#9 38.74   Downloading aiosignal-1.3.2-py2.py3-none-any.whl.metadata (3.8 kB)
#9 38.93 Collecting frozenlist>=1.1.1 (from aiohttp!=3.11.0,>=3.9.2->apache-airflow-providers-http->apache-airflow==2.11.0)
#9 38.95   Downloading frozenlist-1.6.0-cp311-cp311-manylinux_2_5_x86_64.manylinux1_x86_64.manylinux_2_17_x86_64.manylinux2014_x86_64.whl.metadata (16 kB)
#9 39.42 Collecting multidict<7.0,>=4.5 (from aiohttp!=3.11.0,>=3.9.2->apache-airflow-providers-http->apache-airflow==2.11.0)
#9 39.44   Downloading multidict-6.4.4-cp311-cp311-manylinux_2_17_x86_64.manylinux2014_x86_64.whl.metadata (5.3 kB)
#9 39.56 Collecting propcache>=0.2.0 (from aiohttp!=3.11.0,>=3.9.2->apache-airflow-providers-http->apache-airflow==2.11.0)
#9 39.57   Downloading propcache-0.3.1-cp311-cp311-manylinux_2_17_x86_64.manylinux2014_x86_64.whl.metadata (10 kB)
#9 40.32 Collecting yarl<2.0,>=1.17.0 (from aiohttp!=3.11.0,>=3.9.2->apache-airflow-providers-http->apache-airflow==2.11.0)
#9 40.33   Downloading yarl-1.20.0-cp311-cp311-manylinux_2_17_x86_64.manylinux2014_x86_64.whl.metadata (72 kB)
#9 40.34      ━━━━━━━━━━━━━━━━━━━━━━━━━━━━━━━━━━━━━━━━ 72.4/72.4 kB 17.5 MB/s eta 0:00:00
#9 40.44 Collecting pycparser (from cffi>=1.12->cryptography>=41.0.0->apache-airflow==2.11.0)
#9 40.45   Downloading pycparser-2.22-py3-none-any.whl.metadata (943 bytes)
#9 41.54 Collecting dnspython>=2.0.0 (from email-validator>=1.0.5->flask-appbuilder==4.5.3->apache-airflow-providers-fab>=1.0.2->apache-airflow==2.11.0)
#9 41.55   Downloading dnspython-2.7.0-py3-none-any.whl.metadata (5.8 kB)
#9 41.63 Collecting Babel>=2.3 (from Flask-Babel<3,>=1->flask-appbuilder==4.5.3->apache-airflow-providers-fab>=1.0.2->apache-airflow==2.11.0)
#9 41.64   Downloading babel-2.17.0-py3-none-any.whl.metadata (2.0 kB)
#9 41.91 Collecting limits>=3.13 (from Flask-Limiter<4,>3->flask-appbuilder==4.5.3->apache-airflow-providers-fab>=1.0.2->apache-airflow==2.11.0)
#9 41.92   Downloading limits-5.2.0-py3-none-any.whl.metadata (10 kB)
#9 42.08 Collecting ordered-set<5,>4 (from Flask-Limiter<4,>3->flask-appbuilder==4.5.3->apache-airflow-providers-fab>=1.0.2->apache-airflow==2.11.0)
#9 42.09   Downloading ordered_set-4.1.0-py3-none-any.whl.metadata (5.3 kB)
#9 42.53 Collecting opentelemetry-semantic-conventions==0.48b0 (from opentelemetry-sdk~=1.27.0->opentelemetry-exporter-otlp-proto-grpc==1.27.0->opentelemetry-exporter-otlp>=1.24.0->apache-airflow==2.11.0)
#9 42.55   Downloading opentelemetry_semantic_conventions-0.48b0-py3-none-any.whl.metadata (2.4 kB)
#9 43.07 Downloading apache_airflow-2.11.0-py3-none-any.whl (13.5 MB)
#9 44.32    ━━━━━━━━━━━━━━━━━━━━━━━━━━━━━━━━━━━━━━━━ 13.5/13.5 MB 11.5 MB/s eta 0:00:00
#9 44.33 Downloading alembic-1.15.2-py3-none-any.whl (231 kB)
#9 44.35    ━━━━━━━━━━━━━━━━━━━━━━━━━━━━━━━━━━━━━━━━ 231.9/231.9 kB 11.7 MB/s eta 0:00:00
#9 44.36 Downloading apache_airflow_providers_fab-1.5.3-py3-none-any.whl (98 kB)
#9 44.38    ━━━━━━━━━━━━━━━━━━━━━━━━━━━━━━━━━━━━━━━━ 98.1/98.1 kB 11.1 MB/s eta 0:00:00
#9 44.39 Downloading Flask_AppBuilder-4.5.3-py3-none-any.whl (2.2 MB)
#9 44.54    ━━━━━━━━━━━━━━━━━━━━━━━━━━━━━━━━━━━━━━━━ 2.2/2.2 MB 14.8 MB/s eta 0:00:00
#9 44.55 Downloading apache_airflow_providers_common_compat-1.7.0-py3-none-any.whl (30 kB)
#9 44.56 Downloading argcomplete-3.6.2-py3-none-any.whl (43 kB)
#9 44.57    ━━━━━━━━━━━━━━━━━━━━━━━━━━━━━━━━━━━━━━━━ 43.7/43.7 kB 19.9 MB/s eta 0:00:00
#9 44.58 Downloading asgiref-3.8.1-py3-none-any.whl (23 kB)
#9 44.60 Downloading attrs-25.3.0-py3-none-any.whl (63 kB)
#9 44.61    ━━━━━━━━━━━━━━━━━━━━━━━━━━━━━━━━━━━━━━━━ 63.8/63.8 kB 14.3 MB/s eta 0:00:00
#9 44.62 Downloading blinker-1.9.0-py3-none-any.whl (8.5 kB)
#9 44.63 Downloading colorlog-6.9.0-py3-none-any.whl (11 kB)
#9 44.68 Downloading ConfigUpdater-3.2-py2.py3-none-any.whl (34 kB)
#9 44.71 Downloading connexion-2.14.2-py2.py3-none-any.whl (95 kB)
#9 44.72    ━━━━━━━━━━━━━━━━━━━━━━━━━━━━━━━━━━━━━━━━ 95.1/95.1 kB 16.6 MB/s eta 0:00:00
#9 44.78 Downloading cron_descriptor-1.4.5-py3-none-any.whl (50 kB)
#9 44.79    ━━━━━━━━━━━━━━━━━━━━━━━━━━━━━━━━━━━━━━━━ 50.4/50.4 kB 33.9 MB/s eta 0:00:00
#9 44.80 Downloading croniter-6.0.0-py2.py3-none-any.whl (25 kB)
#9 44.81 Downloading cryptography-42.0.8-cp39-abi3-manylinux_2_28_x86_64.whl (3.9 MB)
#9 45.10    ━━━━━━━━━━━━━━━━━━━━━━━━━━━━━━━━━━━━━━━━ 3.9/3.9 MB 13.7 MB/s eta 0:00:00
#9 45.11 Downloading Deprecated-1.2.18-py2.py3-none-any.whl (10.0 kB)
#9 45.12 Downloading Flask-2.2.5-py3-none-any.whl (101 kB)
#9 45.14    ━━━━━━━━━━━━━━━━━━━━━━━━━━━━━━━━━━━━━━━━ 101.8/101.8 kB 18.2 MB/s eta 0:00:00
#9 45.15 Downloading Flask_Caching-2.3.1-py3-none-any.whl (28 kB)
#9 45.16 Downloading flask_session-0.5.0-py3-none-any.whl (7.2 kB)
#9 45.18 Downloading flask_wtf-1.2.2-py3-none-any.whl (12 kB)
#9 45.20 Downloading fsspec-2025.3.2-py3-none-any.whl (194 kB)
#9 45.21    ━━━━━━━━━━━━━━━━━━━━━━━━━━━━━━━━━━━━━━━━ 194.4/194.4 kB 18.3 MB/s eta 0:00:00
#9 45.22 Downloading google_re2-1.1.20240702-1-cp311-cp311-manylinux_2_24_x86_64.manylinux_2_28_x86_64.whl (548 kB)
#9 45.27    ━━━━━━━━━━━━━━━━━━━━━━━━━━━━━━━━━━━━━━━━ 548.4/548.4 kB 12.1 MB/s eta 0:00:00
#9 45.28 Downloading gunicorn-23.0.0-py3-none-any.whl (85 kB)
#9 45.29    ━━━━━━━━━━━━━━━━━━━━━━━━━━━━━━━━━━━━━━━━ 85.0/85.0 kB 14.9 MB/s eta 0:00:00
#9 45.30 Downloading httpx-0.27.0-py3-none-any.whl (75 kB)
#9 45.32    ━━━━━━━━━━━━━━━━━━━━━━━━━━━━━━━━━━━━━━━━ 75.6/75.6 kB 13.1 MB/s eta 0:00:00
#9 45.33 Downloading httpcore-1.0.9-py3-none-any.whl (78 kB)
#9 45.34    ━━━━━━━━━━━━━━━━━━━━━━━━━━━━━━━━━━━━━━━━ 78.8/78.8 kB 14.8 MB/s eta 0:00:00
#9 45.35 Downloading importlib_metadata-6.11.0-py3-none-any.whl (23 kB)
#9 45.36 Downloading itsdangerous-2.2.0-py3-none-any.whl (16 kB)
#9 45.37 Downloading jinja2-3.1.6-py3-none-any.whl (134 kB)
#9 45.39    ━━━━━━━━━━━━━━━━━━━━━━━━━━━━━━━━━━━━━━━━ 134.9/134.9 kB 23.0 MB/s eta 0:00:00
#9 45.40 Downloading jsonschema-4.23.0-py3-none-any.whl (88 kB)
#9 45.41    ━━━━━━━━━━━━━━━━━━━━━━━━━━━━━━━━━━━━━━━━ 88.5/88.5 kB 15.0 MB/s eta 0:00:00
#9 45.42 Downloading lazy_object_proxy-1.11.0-py3-none-any.whl (16 kB)
#9 45.43 Downloading linkify_it_py-2.0.3-py3-none-any.whl (19 kB)
#9 45.45 Downloading lockfile-0.12.2-py2.py3-none-any.whl (13 kB)
#9 45.46 Downloading markdown_it_py-3.0.0-py3-none-any.whl (87 kB)
#9 45.47    ━━━━━━━━━━━━━━━━━━━━━━━━━━━━━━━━━━━━━━━━ 87.5/87.5 kB 14.9 MB/s eta 0:00:00
#9 45.48 Downloading MarkupSafe-3.0.2-cp311-cp311-manylinux_2_17_x86_64.manylinux2014_x86_64.whl (23 kB)
#9 45.49 Downloading marshmallow_oneofschema-3.2.0-py3-none-any.whl (5.9 kB)
#9 45.51 Downloading mdit_py_plugins-0.4.2-py3-none-any.whl (55 kB)
#9 45.51    ━━━━━━━━━━━━━━━━━━━━━━━━━━━━━━━━━━━━━━━━ 55.3/55.3 kB 13.7 MB/s eta 0:00:00
#9 45.52 Downloading methodtools-0.4.7-py2.py3-none-any.whl (4.0 kB)
#9 45.54 Downloading opentelemetry_api-1.27.0-py3-none-any.whl (63 kB)
#9 45.54    ━━━━━━━━━━━━━━━━━━━━━━━━━━━━━━━━━━━━━━━━ 64.0/64.0 kB 40.1 MB/s eta 0:00:00
#9 45.55 Downloading opentelemetry_exporter_otlp-1.27.0-py3-none-any.whl (7.0 kB)
#9 45.56 Downloading opentelemetry_exporter_otlp_proto_grpc-1.27.0-py3-none-any.whl (18 kB)
#9 45.58 Downloading opentelemetry_exporter_otlp_proto_http-1.27.0-py3-none-any.whl (17 kB)
#9 45.59 Downloading opentelemetry_exporter_otlp_proto_common-1.27.0-py3-none-any.whl (17 kB)
#9 45.60 Downloading opentelemetry_proto-1.27.0-py3-none-any.whl (52 kB)
#9 45.61    ━━━━━━━━━━━━━━━━━━━━━━━━━━━━━━━━━━━━━━━━ 52.5/52.5 kB 13.1 MB/s eta 0:00:00
#9 45.62 Downloading packaging-25.0-py3-none-any.whl (66 kB)
#9 45.63    ━━━━━━━━━━━━━━━━━━━━━━━━━━━━━━━━━━━━━━━━ 66.5/66.5 kB 26.1 MB/s eta 0:00:00
#9 45.64 Downloading pathspec-0.12.1-py3-none-any.whl (31 kB)
#9 45.66 Downloading pendulum-3.1.0-cp311-cp311-manylinux_2_17_x86_64.manylinux2014_x86_64.whl (353 kB)
#9 45.68    ━━━━━━━━━━━━━━━━━━━━━━━━━━━━━━━━━━━━━━━━ 353.7/353.7 kB 16.2 MB/s eta 0:00:00
#9 45.69 Downloading pluggy-1.6.0-py3-none-any.whl (20 kB)
#9 45.70 Downloading psutil-7.0.0-cp36-abi3-manylinux_2_12_x86_64.manylinux2010_x86_64.manylinux_2_17_x86_64.manylinux2014_x86_64.whl (277 kB)
#9 45.73    ━━━━━━━━━━━━━━━━━━━━━━━━━━━━━━━━━━━━━━━━ 278.0/278.0 kB 16.0 MB/s eta 0:00:00
#9 45.74 Downloading pygments-2.19.1-py3-none-any.whl (1.2 MB)
#9 45.82    ━━━━━━━━━━━━━━━━━━━━━━━━━━━━━━━━━━━━━━━━ 1.2/1.2 MB 15.7 MB/s eta 0:00:00
#9 45.83 Downloading PyJWT-2.10.1-py3-none-any.whl (22 kB)
#9 45.85 Downloading python_daemon-3.1.2-py3-none-any.whl (30 kB)
#9 45.86 Downloading python_dateutil-2.9.0.post0-py2.py3-none-any.whl (229 kB)
#9 45.88    ━━━━━━━━━━━━━━━━━━━━━━━━━━━━━━━━━━━━━━━━ 229.9/229.9 kB 17.5 MB/s eta 0:00:00
#9 45.89 Downloading python_slugify-8.0.4-py2.py3-none-any.whl (10 kB)
#9 45.90 Downloading requests-2.32.3-py3-none-any.whl (64 kB)
#9 45.91    ━━━━━━━━━━━━━━━━━━━━━━━━━━━━━━━━━━━━━━━━ 64.9/64.9 kB 18.3 MB/s eta 0:00:00
#9 45.93 Downloading requests_toolbelt-1.0.0-py2.py3-none-any.whl (54 kB)
#9 45.93    ━━━━━━━━━━━━━━━━━━━━━━━━━━━━━━━━━━━━━━━━ 54.5/54.5 kB 36.5 MB/s eta 0:00:00
#9 45.94 Downloading rfc3339_validator-0.1.4-py2.py3-none-any.whl (3.5 kB)
#9 45.96 Downloading rich-13.9.4-py3-none-any.whl (242 kB)
#9 45.99    ━━━━━━━━━━━━━━━━━━━━━━━━━━━━━━━━━━━━━━━━ 242.4/242.4 kB 10.7 MB/s eta 0:00:00
#9 46.00 Downloading rich_argparse-1.7.0-py3-none-any.whl (25 kB)
#9 46.02 Downloading setproctitle-1.3.6-cp311-cp311-manylinux_2_5_x86_64.manylinux1_x86_64.manylinux_2_17_x86_64.manylinux2014_x86_64.whl (31 kB)
#9 46.03 Downloading SQLAlchemy-1.4.54-cp311-cp311-manylinux_2_5_x86_64.manylinux1_x86_64.manylinux_2_17_x86_64.manylinux2014_x86_64.whl (1.6 MB)
#9 46.22    ━━━━━━━━━━━━━━━━━━━━━━━━━━━━━━━━━━━━━━━━ 1.6/1.6 MB 8.7 MB/s eta 0:00:00
#9 46.24 Downloading SQLAlchemy_JSONField-1.0.2-py3-none-any.whl (10 kB)
#9 46.25 Downloading tabulate-0.9.0-py3-none-any.whl (35 kB)
#9 46.27 Downloading tenacity-9.1.2-py3-none-any.whl (28 kB)
#9 46.28 Downloading termcolor-3.1.0-py3-none-any.whl (7.7 kB)
#9 46.29 Downloading universal_pathlib-0.2.6-py3-none-any.whl (50 kB)
#9 46.30    ━━━━━━━━━━━━━━━━━━━━━━━━━━━━━━━━━━━━━━━━ 50.1/50.1 kB 18.1 MB/s eta 0:00:00
#9 46.31 Downloading Werkzeug-2.2.3-py3-none-any.whl (233 kB)
#9 46.34    ━━━━━━━━━━━━━━━━━━━━━━━━━━━━━━━━━━━━━━━━ 233.6/233.6 kB 14.0 MB/s eta 0:00:00
#9 46.35 Downloading apache_airflow_providers_common_io-1.6.0-py3-none-any.whl (19 kB)
#9 46.36 Downloading apache_airflow_providers_common_sql-1.27.1-py3-none-any.whl (63 kB)
#9 46.37    ━━━━━━━━━━━━━━━━━━━━━━━━━━━━━━━━━━━━━━━━ 64.0/64.0 kB 9.4 MB/s eta 0:00:00
#9 46.39 Downloading apache_airflow_providers_ftp-3.13.0-py3-none-any.whl (18 kB)
#9 46.40 Downloading apache_airflow_providers_http-5.3.0-py3-none-any.whl (27 kB)
#9 46.41 Downloading apache_airflow_providers_imap-3.9.0-py3-none-any.whl (16 kB)
#9 46.42 Downloading apache_airflow_providers_smtp-2.1.0-py3-none-any.whl (21 kB)
#9 46.44 Downloading apache_airflow_providers_sqlite-4.1.0-py3-none-any.whl (11 kB)
#9 46.45 Downloading aiohttp-3.11.18-cp311-cp311-manylinux_2_17_x86_64.manylinux2014_x86_64.whl (1.7 MB)
#9 46.57    ━━━━━━━━━━━━━━━━━━━━━━━━━━━━━━━━━━━━━━━━ 1.7/1.7 MB 14.9 MB/s eta 0:00:00
#9 46.58 Downloading cachelib-0.13.0-py3-none-any.whl (20 kB)
#9 46.59 Downloading certifi-2025.4.26-py3-none-any.whl (159 kB)
#9 46.63    ━━━━━━━━━━━━━━━━━━━━━━━━━━━━━━━━━━━━━━━━ 159.6/159.6 kB 4.5 MB/s eta 0:00:00
#9 46.64 Downloading cffi-1.17.1-cp311-cp311-manylinux_2_17_x86_64.manylinux2014_x86_64.whl (467 kB)
#9 46.67    ━━━━━━━━━━━━━━━━━━━━━━━━━━━━━━━━━━━━━━━━ 467.2/467.2 kB 17.0 MB/s eta 0:00:00
#9 46.69 Downloading charset_normalizer-3.4.2-cp311-cp311-manylinux_2_17_x86_64.manylinux2014_x86_64.whl (147 kB)
#9 46.70    ━━━━━━━━━━━━━━━━━━━━━━━━━━━━━━━━━━━━━━━━ 147.3/147.3 kB 10.3 MB/s eta 0:00:00
#9 46.71 Downloading click-8.2.0-py3-none-any.whl (102 kB)
#9 46.73    ━━━━━━━━━━━━━━━━━━━━━━━━━━━━━━━━━━━━━━━━ 102.2/102.2 kB 19.8 MB/s eta 0:00:00
#9 46.74 Downloading clickclick-20.10.2-py2.py3-none-any.whl (7.4 kB)
#9 46.75 Downloading Flask_Login-0.6.3-py3-none-any.whl (17 kB)
#9 46.76 Downloading greenlet-3.2.2-cp311-cp311-manylinux_2_24_x86_64.manylinux_2_28_x86_64.whl (583 kB)
#9 46.81    ━━━━━━━━━━━━━━━━━━━━━━━━━━━━━━━━━━━━━━━━ 583.9/583.9 kB 14.2 MB/s eta 0:00:00
#9 46.82 Downloading idna-3.10-py3-none-any.whl (70 kB)
#9 46.83    ━━━━━━━━━━━━━━━━━━━━━━━━━━━━━━━━━━━━━━━━ 70.4/70.4 kB 19.0 MB/s eta 0:00:00
#9 46.84 Downloading inflection-0.5.1-py2.py3-none-any.whl (9.5 kB)
#9 46.85 Downloading jmespath-0.10.0-py2.py3-none-any.whl (24 kB)
#9 46.87 Downloading jsonschema_specifications-2025.4.1-py3-none-any.whl (18 kB)
#9 46.88 Downloading marshmallow-3.26.1-py3-none-any.whl (50 kB)
#9 46.89    ━━━━━━━━━━━━━━━━━━━━━━━━━━━━━━━━━━━━━━━━ 50.9/50.9 kB 13.3 MB/s eta 0:00:00
#9 46.90 Downloading mdurl-0.1.2-py3-none-any.whl (10.0 kB)
#9 46.91 Downloading more_itertools-10.7.0-py3-none-any.whl (65 kB)
#9 46.92    ━━━━━━━━━━━━━━━━━━━━━━━━━━━━━━━━━━━━━━━━ 65.3/65.3 kB 10.5 MB/s eta 0:00:00
#9 46.93 Downloading pytz-2025.2-py2.py3-none-any.whl (509 kB)
#9 46.97    ━━━━━━━━━━━━━━━━━━━━━━━━━━━━━━━━━━━━━━━━ 509.2/509.2 kB 17.4 MB/s eta 0:00:00
#9 46.98 Downloading PyYAML-6.0.2-cp311-cp311-manylinux_2_17_x86_64.manylinux2014_x86_64.whl (762 kB)
#9 47.05    ━━━━━━━━━━━━━━━━━━━━━━━━━━━━━━━━━━━━━━━━ 763.0/763.0 kB 12.0 MB/s eta 0:00:00
#9 47.06 Downloading referencing-0.36.2-py3-none-any.whl (26 kB)
#9 47.07 Downloading rpds_py-0.25.0-cp311-cp311-manylinux_2_17_x86_64.manylinux2014_x86_64.whl (387 kB)
#9 47.10    ━━━━━━━━━━━━━━━━━━━━━━━━━━━━━━━━━━━━━━━━ 387.1/387.1 kB 14.2 MB/s eta 0:00:00
#9 47.11 Downloading six-1.17.0-py2.py3-none-any.whl (11 kB)
#9 47.12 Downloading sqlparse-0.5.3-py3-none-any.whl (44 kB)
#9 47.13    ━━━━━━━━━━━━━━━━━━━━━━━━━━━━━━━━━━━━━━━━ 44.4/44.4 kB 26.0 MB/s eta 0:00:00
#9 47.14 Downloading text_unidecode-1.3-py2.py3-none-any.whl (78 kB)
#9 47.15    ━━━━━━━━━━━━━━━━━━━━━━━━━━━━━━━━━━━━━━━━ 78.2/78.2 kB 15.9 MB/s eta 0:00:00
#9 47.16 Downloading typing_extensions-4.13.2-py3-none-any.whl (45 kB)
#9 47.17    ━━━━━━━━━━━━━━━━━━━━━━━━━━━━━━━━━━━━━━━━ 45.8/45.8 kB 11.3 MB/s eta 0:00:00
#9 47.20 Downloading tzdata-2025.2-py2.py3-none-any.whl (347 kB)
#9 47.22    ━━━━━━━━━━━━━━━━━━━━━━━━━━━━━━━━━━━━━━━━ 347.8/347.8 kB 16.7 MB/s eta 0:00:00
#9 47.23 Downloading urllib3-2.4.0-py3-none-any.whl (128 kB)
#9 47.25    ━━━━━━━━━━━━━━━━━━━━━━━━━━━━━━━━━━━━━━━━ 128.7/128.7 kB 20.3 MB/s eta 0:00:00
#9 47.26 Downloading wirerope-1.0.0-py2.py3-none-any.whl (9.2 kB)
#9 47.27 Downloading wrapt-1.17.2-cp311-cp311-manylinux_2_5_x86_64.manylinux1_x86_64.manylinux_2_17_x86_64.manylinux2014_x86_64.whl (83 kB)
#9 47.28    ━━━━━━━━━━━━━━━━━━━━━━━━━━━━━━━━━━━━━━━━ 83.2/83.2 kB 16.8 MB/s eta 0:00:00
#9 47.29 Downloading wtforms-3.2.1-py3-none-any.whl (152 kB)
#9 47.30    ━━━━━━━━━━━━━━━━━━━━━━━━━━━━━━━━━━━━━━━━ 152.5/152.5 kB 17.2 MB/s eta 0:00:00
#9 47.31 Downloading zipp-3.21.0-py3-none-any.whl (9.6 kB)
#9 47.32 Downloading anyio-4.9.0-py3-none-any.whl (100 kB)
#9 47.34    ━━━━━━━━━━━━━━━━━━━━━━━━━━━━━━━━━━━━━━━━ 100.9/100.9 kB 18.7 MB/s eta 0:00:00
#9 47.35 Downloading sniffio-1.3.1-py3-none-any.whl (10 kB)
#9 47.36 Downloading mako-1.3.10-py3-none-any.whl (78 kB)
#9 47.37    ━━━━━━━━━━━━━━━━━━━━━━━━━━━━━━━━━━━━━━━━ 78.5/78.5 kB 18.6 MB/s eta 0:00:00
#9 47.38 Downloading uc_micro_py-1.0.3-py3-none-any.whl (6.2 kB)
#9 47.39 Downloading aiohappyeyeballs-2.6.1-py3-none-any.whl (15 kB)
#9 47.40 Downloading aiosignal-1.3.2-py2.py3-none-any.whl (7.6 kB)
#9 47.42 Downloading apispec-6.8.2-py3-none-any.whl (30 kB)
#9 47.43 Downloading colorama-0.4.6-py2.py3-none-any.whl (25 kB)
#9 47.44 Downloading email_validator-2.2.0-py3-none-any.whl (33 kB)
#9 47.45 Downloading Flask_Babel-2.0.0-py3-none-any.whl (9.3 kB)
#9 47.46 Downloading Flask_JWT_Extended-4.7.1-py2.py3-none-any.whl (22 kB)
#9 47.48 Downloading flask_limiter-3.12-py3-none-any.whl (28 kB)
#9 47.49 Downloading Flask_SQLAlchemy-2.5.1-py2.py3-none-any.whl (17 kB)
#9 47.50 Downloading frozenlist-1.6.0-cp311-cp311-manylinux_2_5_x86_64.manylinux1_x86_64.manylinux_2_17_x86_64.manylinux2014_x86_64.whl (313 kB)
#9 47.53    ━━━━━━━━━━━━━━━━━━━━━━━━━━━━━━━━━━━━━━━━ 313.6/313.6 kB 14.3 MB/s eta 0:00:00
#9 47.54 Downloading googleapis_common_protos-1.70.0-py3-none-any.whl (294 kB)
#9 47.56    ━━━━━━━━━━━━━━━━━━━━━━━━━━━━━━━━━━━━━━━━ 294.5/294.5 kB 15.1 MB/s eta 0:00:00
#9 47.58 Downloading grpcio-1.71.0-cp311-cp311-manylinux_2_17_x86_64.manylinux2014_x86_64.whl (5.9 MB)
#9 47.98    ━━━━━━━━━━━━━━━━━━━━━━━━━━━━━━━━━━━━━━━━ 5.9/5.9 MB 15.0 MB/s eta 0:00:00
#9 47.99 Downloading h11-0.16.0-py3-none-any.whl (37 kB)
#9 48.00 Downloading marshmallow_sqlalchemy-0.28.2-py2.py3-none-any.whl (16 kB)
#9 48.01 Downloading multidict-6.4.4-cp311-cp311-manylinux_2_17_x86_64.manylinux2014_x86_64.whl (223 kB)
#9 48.03    ━━━━━━━━━━━━━━━━━━━━━━━━━━━━━━━━━━━━━━━━ 223.7/223.7 kB 13.3 MB/s eta 0:00:00
#9 48.05 Downloading opentelemetry_sdk-1.27.0-py3-none-any.whl (110 kB)
#9 48.06    ━━━━━━━━━━━━━━━━━━━━━━━━━━━━━━━━━━━━━━━━ 110.5/110.5 kB 16.2 MB/s eta 0:00:00
#9 48.07 Downloading opentelemetry_semantic_conventions-0.48b0-py3-none-any.whl (149 kB)
#9 48.08    ━━━━━━━━━━━━━━━━━━━━━━━━━━━━━━━━━━━━━━━━ 149.7/149.7 kB 15.9 MB/s eta 0:00:00
#9 48.09 Downloading prison-0.2.1-py2.py3-none-any.whl (5.8 kB)
#9 48.10 Downloading propcache-0.3.1-cp311-cp311-manylinux_2_17_x86_64.manylinux2014_x86_64.whl (232 kB)
#9 48.13    ━━━━━━━━━━━━━━━━━━━━━━━━━━━━━━━━━━━━━━━━ 232.5/232.5 kB 13.4 MB/s eta 0:00:00
#9 48.14 Downloading SQLAlchemy_Utils-0.41.2-py3-none-any.whl (93 kB)
#9 48.15    ━━━━━━━━━━━━━━━━━━━━━━━━━━━━━━━━━━━━━━━━ 93.1/93.1 kB 17.5 MB/s eta 0:00:00
#9 48.16 Downloading yarl-1.20.0-cp311-cp311-manylinux_2_17_x86_64.manylinux2014_x86_64.whl (358 kB)
#9 48.19    ━━━━━━━━━━━━━━━━━━━━━━━━━━━━━━━━━━━━━━━━ 358.1/358.1 kB 16.3 MB/s eta 0:00:00
#9 48.20 Downloading pycparser-2.22-py3-none-any.whl (117 kB)
#9 48.21    ━━━━━━━━━━━━━━━━━━━━━━━━━━━━━━━━━━━━━━━━ 117.6/117.6 kB 20.6 MB/s eta 0:00:00
#9 48.22 Downloading babel-2.17.0-py3-none-any.whl (10.2 MB)
#9 49.24    ━━━━━━━━━━━━━━━━━━━━━━━━━━━━━━━━━━━━━━━━ 10.2/10.2 MB 10.1 MB/s eta 0:00:00
#9 49.25 Downloading dnspython-2.7.0-py3-none-any.whl (313 kB)
#9 49.27    ━━━━━━━━━━━━━━━━━━━━━━━━━━━━━━━━━━━━━━━━ 313.6/313.6 kB 14.7 MB/s eta 0:00:00
#9 49.29 Downloading limits-5.2.0-py3-none-any.whl (60 kB)
#9 49.30    ━━━━━━━━━━━━━━━━━━━━━━━━━━━━━━━━━━━━━━━━ 60.8/60.8 kB 19.8 MB/s eta 0:00:00
#9 49.31 Downloading ordered_set-4.1.0-py3-none-any.whl (7.6 kB)
#9 49.33 Downloading protobuf-4.25.7-cp37-abi3-manylinux2014_x86_64.whl (294 kB)
#9 49.35    ━━━━━━━━━━━━━━━━━━━━━━━━━━━━━━━━━━━━━━━━ 294.6/294.6 kB 12.9 MB/s eta 0:00:00
#9 49.69 Building wheels for collected packages: dill, python-nvd3
#9 49.69   Building wheel for dill (pyproject.toml): started
#9 50.78   Building wheel for dill (pyproject.toml): finished with status 'done'
#9 50.78   Created wheel for dill: filename=dill-0.3.1.1-py3-none-any.whl size=78634 sha256=01cfaa30fccfd4c1b25876c50c306b2f023ac6bd7e81e558b03d3ac1109b9b74
#9 50.78   Stored in directory: /tmp/pip-ephem-wheel-cache-51v1v57u/wheels/01/60/80/1622338bcecce31a5664ef01c203cc5a7b09f59588d9c07376
#9 50.79   Building wheel for python-nvd3 (pyproject.toml): started
#9 51.89   Building wheel for python-nvd3 (pyproject.toml): finished with status 'done'
#9 51.89   Created wheel for python-nvd3: filename=python_nvd3-0.16.0-py3-none-any.whl size=37651 sha256=c15098c9c1937fcc9246afe382b759121573603b09f36565729c81da6ed2b73f
#9 51.89   Stored in directory: /tmp/pip-ephem-wheel-cache-51v1v57u/wheels/88/26/3f/0695457939a8025f982dca665d4d7018468ccf8ccf43e45c5f
#9 51.90 Successfully built dill python-nvd3
#9 53.60 Installing collected packages: text-unidecode, pytz, lockfile, cron-descriptor, zipp, wrapt, urllib3, uc-micro-py, tzdata, typing-extensions, termcolor, tenacity, tabulate, sqlparse, sniffio, six, setproctitle, rpds-py, PyYAML, python-slugify, python-daemon, pyjwt, pygments, pycparser, psutil, protobuf, propcache, pluggy, pathspec, packaging, ordered-set, multidict, more-itertools, mdurl, markupsafe, lazy-object-proxy, jmespath, itsdangerous, inflection, idna, h11, grpcio, greenlet, google-re2, fsspec, frozenlist, dnspython, dill, configupdater, colorlog, colorama, click, charset-normalizer, certifi, cachelib, blinker, Babel, attrs, asgiref, argcomplete, aiohappyeyeballs, yarl, WTForms, wirerope, werkzeug, universal-pathlib, sqlalchemy, rfc3339-validator, requests, referencing, python-dateutil, prison, opentelemetry-proto, marshmallow, markdown-it-py, Mako, linkify-it-py, jinja2, importlib_metadata, httpcore, gunicorn, googleapis-common-protos, email-validator, deprecated, clickclick, cffi, apispec, anyio, aiosignal, sqlalchemy-utils, sqlalchemy-jsonfield, rich, requests-toolbelt, python-nvd3, pendulum, opentelemetry-exporter-otlp-proto-common, opentelemetry-api, methodtools, mdit-py-plugins, marshmallow-sqlalchemy, marshmallow-oneofschema, limits, jsonschema-specifications, httpx, flask, cryptography, croniter, alembic, aiohttp, rich-argparse, opentelemetry-semantic-conventions, jsonschema, flask-wtf, Flask-SQLAlchemy, flask-session, flask-login, Flask-Limiter, Flask-JWT-Extended, flask-caching, Flask-Babel, opentelemetry-sdk, flask-appbuilder, connexion, opentelemetry-exporter-otlp-proto-http, opentelemetry-exporter-otlp-proto-grpc, opentelemetry-exporter-otlp, apache-airflow-providers-common-sql, apache-airflow-providers-common-compat, apache-airflow-providers-sqlite, apache-airflow-providers-smtp, apache-airflow-providers-imap, apache-airflow-providers-http, apache-airflow-providers-ftp, apache-airflow-providers-fab, apache-airflow-providers-common-io, apache-airflow
#9 68.99 Successfully installed Babel-2.17.0 Flask-Babel-2.0.0 Flask-JWT-Extended-4.7.1 Flask-Limiter-3.12 Flask-SQLAlchemy-2.5.1 Mako-1.3.10 PyYAML-6.0.2 WTForms-3.2.1 aiohappyeyeballs-2.6.1 aiohttp-3.11.18 aiosignal-1.3.2 alembic-1.15.2 anyio-4.9.0 apache-airflow-2.11.0 apache-airflow-providers-common-compat-1.7.0 apache-airflow-providers-common-io-1.6.0 apache-airflow-providers-common-sql-1.27.1 apache-airflow-providers-fab-1.5.3 apache-airflow-providers-ftp-3.13.0 apache-airflow-providers-http-5.3.0 apache-airflow-providers-imap-3.9.0 apache-airflow-providers-smtp-2.1.0 apache-airflow-providers-sqlite-4.1.0 apispec-6.8.2 argcomplete-3.6.2 asgiref-3.8.1 attrs-25.3.0 blinker-1.9.0 cachelib-0.13.0 certifi-2025.4.26 cffi-1.17.1 charset-normalizer-3.4.2 click-8.2.0 clickclick-20.10.2 colorama-0.4.6 colorlog-6.9.0 configupdater-3.2 connexion-2.14.2 cron-descriptor-1.4.5 croniter-6.0.0 cryptography-42.0.8 deprecated-1.2.18 dill-0.3.1.1 dnspython-2.7.0 email-validator-2.2.0 flask-2.2.5 flask-appbuilder-4.5.3 flask-caching-2.3.1 flask-login-0.6.3 flask-session-0.5.0 flask-wtf-1.2.2 frozenlist-1.6.0 fsspec-2025.3.2 google-re2-1.1.20240702 googleapis-common-protos-1.70.0 greenlet-3.2.2 grpcio-1.71.0 gunicorn-23.0.0 h11-0.16.0 httpcore-1.0.9 httpx-0.27.0 idna-3.10 importlib_metadata-6.11.0 inflection-0.5.1 itsdangerous-2.2.0 jinja2-3.1.6 jmespath-0.10.0 jsonschema-4.23.0 jsonschema-specifications-2025.4.1 lazy-object-proxy-1.11.0 limits-5.2.0 linkify-it-py-2.0.3 lockfile-0.12.2 markdown-it-py-3.0.0 markupsafe-3.0.2 marshmallow-3.26.1 marshmallow-oneofschema-3.2.0 marshmallow-sqlalchemy-0.28.2 mdit-py-plugins-0.4.2 mdurl-0.1.2 methodtools-0.4.7 more-itertools-10.7.0 multidict-6.4.4 opentelemetry-api-1.27.0 opentelemetry-exporter-otlp-1.27.0 opentelemetry-exporter-otlp-proto-common-1.27.0 opentelemetry-exporter-otlp-proto-grpc-1.27.0 opentelemetry-exporter-otlp-proto-http-1.27.0 opentelemetry-proto-1.27.0 opentelemetry-sdk-1.27.0 opentelemetry-semantic-conventions-0.48b0 ordered-set-4.1.0 packaging-25.0 pathspec-0.12.1 pendulum-3.1.0 pluggy-1.6.0 prison-0.2.1 propcache-0.3.1 protobuf-4.25.7 psutil-7.0.0 pycparser-2.22 pygments-2.19.1 pyjwt-2.10.1 python-daemon-3.1.2 python-dateutil-2.9.0.post0 python-nvd3-0.16.0 python-slugify-8.0.4 pytz-2025.2 referencing-0.36.2 requests-2.32.3 requests-toolbelt-1.0.0 rfc3339-validator-0.1.4 rich-13.9.4 rich-argparse-1.7.0 rpds-py-0.25.0 setproctitle-1.3.6 six-1.17.0 sniffio-1.3.1 sqlalchemy-1.4.54 sqlalchemy-jsonfield-1.0.2 sqlalchemy-utils-0.41.2 sqlparse-0.5.3 tabulate-0.9.0 tenacity-9.1.2 termcolor-3.1.0 text-unidecode-1.3 typing-extensions-4.13.2 tzdata-2025.2 uc-micro-py-1.0.3 universal-pathlib-0.2.6 urllib3-2.4.0 werkzeug-2.2.3 wirerope-1.0.0 wrapt-1.17.2 yarl-1.20.0 zipp-3.21.0
#9 77.02 No broken requirements found.
#9 DONE 79.9s

#10 [4/7] COPY --chown=10001:0 dags /opt/airflow/dags
#10 DONE 0.1s

#11 [5/7] WORKDIR /opt/airflow
#11 DONE 0.1s

#12 [6/7] RUN ["/opt/model-venv/bin/python", "-c", "import medical_classifier.airflow_tasks, onnxruntime"]
#12 1.049 [0;93m2026-09-15 22:45:15.085596141 [W:onnxruntime:Default, device_discovery.cc:164 DiscoverDevicesForPlatform] GPU device discovery failed: device_discovery.cc:89 ReadFileContents Failed to open file: "/sys/class/drm/card0/device/vendor"[m
#12 DONE 1.1s

#13 [7/7] RUN ["/opt/airflow-venv/bin/python", "-c", "import airflow; from airflow.operators.bash import BashOperator"]
#13 3.061 /opt/airflow-venv/lib/python3.11/site-packages/airflow/metrics/base_stats_logger.py:22 RemovedInAirflow3Warning: Timer and timing metrics publish in seconds were deprecated. It is enabled by default from Airflow 3 onwards. Enable timer_unit_consistency to publish all the timer and timing metrics in milliseconds.
#13 3.730 /opt/airflow-venv/lib/python3.11/site-packages/airflow/triggers/base.py:27 RemovedInAirflow3Warning: Timer and timing metrics publish in seconds were deprecated. It is enabled by default from Airflow 3 onwards. Enable timer_unit_consistency to publish all the timer and timing metrics in milliseconds.
#13 DONE 4.2s

#14 exporting to image
#14 exporting layers
#14 exporting layers 13.7s done
#14 exporting manifest sha256:0f1f4bf5cd9a073343a6fec85403ef333bd23bb2bca1fdd57e820546dc0d1f03
#14 exporting manifest sha256:0f1f4bf5cd9a073343a6fec85403ef333bd23bb2bca1fdd57e820546dc0d1f03 0.2s done
#14 exporting config sha256:b2930228e5a55a1802737b9cdca09249b5d6738b0f707d9abbea0866c991e435
#14 exporting config sha256:b2930228e5a55a1802737b9cdca09249b5d6738b0f707d9abbea0866c991e435 0.2s done
#14 exporting attestation manifest sha256:e92e34e18244ec2bf0bdebd822242f24ce3daa3115917fce0d8d91cbf7eea305
#14 exporting attestation manifest sha256:e92e34e18244ec2bf0bdebd822242f24ce3daa3115917fce0d8d91cbf7eea305 0.2s done
#14 exporting manifest list sha256:2cc9d90a79dd3d35a3209ad07ea9f70b5e1771c00d1a52191a8df6e22e9c7642
#14 exporting manifest list sha256:2cc9d90a79dd3d35a3209ad07ea9f70b5e1771c00d1a52191a8df6e22e9c7642 0.1s done
#14 naming to docker.io/library/medical-classifier-airflow:local done
#14 unpacking to docker.io/library/medical-classifier-airflow:local
#14 unpacking to docker.io/library/medical-classifier-airflow:local 4.0s done
#14 DONE 18.4s

#15 resolving provenance for metadata file
#15 DONE 0.2s
 Image medical-classifier-airflow:local Built 
