/opt/airflow-venv/lib/python3.11/site-packages/airflow/metrics/base_stats_logger.py:22 RemovedInAirflow3Warning: Timer and timing metrics publish in seconds were deprecated. It is enabled by default from Airflow 3 onwards. Enable timer_unit_consistency to publish all the timer and timing metrics in milliseconds.
/opt/airflow-venv/lib/python3.11/site-packages/airflow/triggers/base.py:27 RemovedInAirflow3Warning: Timer and timing metrics publish in seconds were deprecated. It is enabled by default from Airflow 3 onwards. Enable timer_unit_consistency to publish all the timer and timing metrics in milliseconds.
/opt/airflow-venv/lib/python3.11/site-packages/airflow/cli/commands/dag_command.py:48 UserWarning: Could not import graphviz. Rendering graph to the graphical format will not be possible.
[2026-09-14T22:44:49.150+0000] {dagbag.py:588} INFO - Filling up the DagBag from /opt/airflow/dags
[2026-09-14T22:44:49.178+0000] {dag.py:4435} INFO - dagrun id: retreino_medico
[2026-09-14T22:44:49.185+0000] {dag.py:4451} INFO - created dagrun <DagRun retreino_medico @ 2026-09-14 00:00:00+00:00: manual__2026-09-14T00:00:00+00:00, state:running, queued_at: None. externally triggered: False>
[2026-09-14T22:44:49.204+0000] {dag.py:4396} INFO - [DAG TEST] starting task_id=ingestao map_index=-1
[2026-09-14T22:44:49.204+0000] {dag.py:4399} INFO - [DAG TEST] running task <TaskInstance: retreino_medico.ingestao manual__2026-09-14T00:00:00+00:00 [scheduled]>
[2026-09-14 22:44:49,323] {taskinstance.py:3157} INFO - Exporting env vars: AIRFLOW_CTX_DAG_OWNER='equipe-ml' AIRFLOW_CTX_DAG_ID='retreino_medico' AIRFLOW_CTX_TASK_ID='ingestao' AIRFLOW_CTX_EXECUTION_DATE='2026-09-14T00:00:00+00:00' AIRFLOW_CTX_TRY_NUMBER='1' AIRFLOW_CTX_DAG_RUN_ID='manual__2026-09-14T00:00:00+00:00'
[2026-09-14T22:44:49.323+0000] {taskinstance.py:3157} INFO - Exporting env vars: AIRFLOW_CTX_DAG_OWNER='equipe-ml' AIRFLOW_CTX_DAG_ID='retreino_medico' AIRFLOW_CTX_TASK_ID='ingestao' AIRFLOW_CTX_EXECUTION_DATE='2026-09-14T00:00:00+00:00' AIRFLOW_CTX_TRY_NUMBER='1' AIRFLOW_CTX_DAG_RUN_ID='manual__2026-09-14T00:00:00+00:00'
[2026-09-14T22:44:49.325+0000] {taskinstance.py:740} INFO - ::endgroup::
[2026-09-14 22:44:49,373] {subprocess.py:78} INFO - Tmp dir root location: /tmp
[2026-09-14T22:44:49.373+0000] {subprocess.py:78} INFO - Tmp dir root location: /tmp
[2026-09-14 22:44:49,374] {subprocess.py:88} INFO - Running command: ['/usr/bin/bash', '-c', "/opt/model-venv/bin/python -m medical_classifier.airflow_tasks ingestao --execucao '20260914T000000'"]
[2026-09-14T22:44:49.374+0000] {subprocess.py:88} INFO - Running command: ['/usr/bin/bash', '-c', "/opt/model-venv/bin/python -m medical_classifier.airflow_tasks ingestao --execucao '20260914T000000'"]
[2026-09-14 22:44:49,379] {subprocess.py:99} INFO - Output:
[2026-09-14T22:44:49.379+0000] {subprocess.py:99} INFO - Output:
[2026-09-14 22:44:52,600] {subprocess.py:106} INFO - {"etapa": "ingestao", "execucao": "20260914T000000", "estado": "/app/data/runs/20260914T000000", "sucesso": true}
[2026-09-14T22:44:52.600+0000] {subprocess.py:106} INFO - {"etapa": "ingestao", "execucao": "20260914T000000", "estado": "/app/data/runs/20260914T000000", "sucesso": true}
[2026-09-14 22:44:52,736] {subprocess.py:110} INFO - Command exited with return code 0
[2026-09-14T22:44:52.736+0000] {subprocess.py:110} INFO - Command exited with return code 0
[2026-09-14T22:44:52.743+0000] {taskinstance.py:349} INFO - ::group::Post task execution logs
[2026-09-14T22:44:52.743+0000] {taskinstance.py:361} INFO - Marking task as SUCCESS. dag_id=retreino_medico, task_id=ingestao, run_id=manual__2026-09-14T00:00:00+00:00, execution_date=20260914T000000, start_date=, end_date=20260914T224452
[2026-09-14T22:44:52.753+0000] {dag.py:4410} INFO - [DAG TEST] end task task_id=ingestao map_index=-1
[2026-09-14T22:44:52.764+0000] {dag.py:4396} INFO - [DAG TEST] starting task_id=treinamento map_index=-1
[2026-09-14T22:44:52.764+0000] {dag.py:4399} INFO - [DAG TEST] running task <TaskInstance: retreino_medico.treinamento manual__2026-09-14T00:00:00+00:00 [scheduled]>
[2026-09-14 22:44:52,778] {taskinstance.py:3157} INFO - Exporting env vars: AIRFLOW_CTX_DAG_OWNER='equipe-ml' AIRFLOW_CTX_DAG_ID='retreino_medico' AIRFLOW_CTX_TASK_ID='treinamento' AIRFLOW_CTX_EXECUTION_DATE='2026-09-14T00:00:00+00:00' AIRFLOW_CTX_TRY_NUMBER='1' AIRFLOW_CTX_DAG_RUN_ID='manual__2026-09-14T00:00:00+00:00'
[2026-09-14T22:44:52.778+0000] {taskinstance.py:3157} INFO - Exporting env vars: AIRFLOW_CTX_DAG_OWNER='equipe-ml' AIRFLOW_CTX_DAG_ID='retreino_medico' AIRFLOW_CTX_TASK_ID='treinamento' AIRFLOW_CTX_EXECUTION_DATE='2026-09-14T00:00:00+00:00' AIRFLOW_CTX_TRY_NUMBER='1' AIRFLOW_CTX_DAG_RUN_ID='manual__2026-09-14T00:00:00+00:00'
[2026-09-14T22:44:52.779+0000] {taskinstance.py:740} INFO - ::endgroup::
[2026-09-14 22:44:52,779] {subprocess.py:78} INFO - Tmp dir root location: /tmp
[2026-09-14T22:44:52.779+0000] {subprocess.py:78} INFO - Tmp dir root location: /tmp
[2026-09-14 22:44:52,780] {subprocess.py:88} INFO - Running command: ['/usr/bin/bash', '-c', "/opt/model-venv/bin/python -m medical_classifier.airflow_tasks treinamento --execucao '20260914T000000'"]
[2026-09-14T22:44:52.780+0000] {subprocess.py:88} INFO - Running command: ['/usr/bin/bash', '-c', "/opt/model-venv/bin/python -m medical_classifier.airflow_tasks treinamento --execucao '20260914T000000'"]
[2026-09-14 22:44:52,785] {subprocess.py:99} INFO - Output:
[2026-09-14T22:44:52.785+0000] {subprocess.py:99} INFO - Output:
[2026-09-14 22:44:57,656] {subprocess.py:106} INFO - {"etapa": "treinamento", "execucao": "20260914T000000", "estado": "/app/data/runs/20260914T000000", "sucesso": true}
[2026-09-14T22:44:57.656+0000] {subprocess.py:106} INFO - {"etapa": "treinamento", "execucao": "20260914T000000", "estado": "/app/data/runs/20260914T000000", "sucesso": true}
[2026-09-14 22:44:57,802] {subprocess.py:110} INFO - Command exited with return code 0
[2026-09-14T22:44:57.802+0000] {subprocess.py:110} INFO - Command exited with return code 0
[2026-09-14T22:44:57.870+0000] {taskinstance.py:349} INFO - ::group::Post task execution logs
[2026-09-14T22:44:57.870+0000] {taskinstance.py:361} INFO - Marking task as SUCCESS. dag_id=retreino_medico, task_id=treinamento, run_id=manual__2026-09-14T00:00:00+00:00, execution_date=20260914T000000, start_date=, end_date=20260914T224457
[2026-09-14T22:44:57.918+0000] {dag.py:4410} INFO - [DAG TEST] end task task_id=treinamento map_index=-1
[2026-09-14T22:44:57.926+0000] {dag.py:4396} INFO - [DAG TEST] starting task_id=validacao map_index=-1
[2026-09-14T22:44:57.926+0000] {dag.py:4399} INFO - [DAG TEST] running task <TaskInstance: retreino_medico.validacao manual__2026-09-14T00:00:00+00:00 [scheduled]>
[2026-09-14 22:44:57,939] {taskinstance.py:3157} INFO - Exporting env vars: AIRFLOW_CTX_DAG_OWNER='equipe-ml' AIRFLOW_CTX_DAG_ID='retreino_medico' AIRFLOW_CTX_TASK_ID='validacao' AIRFLOW_CTX_EXECUTION_DATE='2026-09-14T00:00:00+00:00' AIRFLOW_CTX_TRY_NUMBER='1' AIRFLOW_CTX_DAG_RUN_ID='manual__2026-09-14T00:00:00+00:00'
[2026-09-14T22:44:57.939+0000] {taskinstance.py:3157} INFO - Exporting env vars: AIRFLOW_CTX_DAG_OWNER='equipe-ml' AIRFLOW_CTX_DAG_ID='retreino_medico' AIRFLOW_CTX_TASK_ID='validacao' AIRFLOW_CTX_EXECUTION_DATE='2026-09-14T00:00:00+00:00' AIRFLOW_CTX_TRY_NUMBER='1' AIRFLOW_CTX_DAG_RUN_ID='manual__2026-09-14T00:00:00+00:00'
[2026-09-14T22:44:57.940+0000] {taskinstance.py:740} INFO - ::endgroup::
[2026-09-14 22:44:57,940] {subprocess.py:78} INFO - Tmp dir root location: /tmp
[2026-09-14T22:44:57.940+0000] {subprocess.py:78} INFO - Tmp dir root location: /tmp
[2026-09-14 22:44:57,940] {subprocess.py:88} INFO - Running command: ['/usr/bin/bash', '-c', "/opt/model-venv/bin/python -m medical_classifier.airflow_tasks validacao --execucao '20260914T000000'"]
[2026-09-14T22:44:57.940+0000] {subprocess.py:88} INFO - Running command: ['/usr/bin/bash', '-c', "/opt/model-venv/bin/python -m medical_classifier.airflow_tasks validacao --execucao '20260914T000000'"]
[2026-09-14 22:44:57,946] {subprocess.py:99} INFO - Output:
[2026-09-14T22:44:57.946+0000] {subprocess.py:99} INFO - Output:
[2026-09-14 22:45:00,295] {subprocess.py:106} INFO - {"etapa": "validacao", "execucao": "20260914T000000", "estado": "/app/data/runs/20260914T000000", "sucesso": true}
[2026-09-14T22:45:00.295+0000] {subprocess.py:106} INFO - {"etapa": "validacao", "execucao": "20260914T000000", "estado": "/app/data/runs/20260914T000000", "sucesso": true}
[2026-09-14 22:45:00,428] {subprocess.py:110} INFO - Command exited with return code 0
[2026-09-14T22:45:00.428+0000] {subprocess.py:110} INFO - Command exited with return code 0
[2026-09-14T22:45:00.433+0000] {taskinstance.py:349} INFO - ::group::Post task execution logs
[2026-09-14T22:45:00.434+0000] {taskinstance.py:361} INFO - Marking task as SUCCESS. dag_id=retreino_medico, task_id=validacao, run_id=manual__2026-09-14T00:00:00+00:00, execution_date=20260914T000000, start_date=, end_date=20260914T224500
[2026-09-14T22:45:00.441+0000] {dag.py:4410} INFO - [DAG TEST] end task task_id=validacao map_index=-1
[2026-09-14T22:45:00.449+0000] {dag.py:4396} INFO - [DAG TEST] starting task_id=publicacao map_index=-1
[2026-09-14T22:45:00.449+0000] {dag.py:4399} INFO - [DAG TEST] running task <TaskInstance: retreino_medico.publicacao manual__2026-09-14T00:00:00+00:00 [scheduled]>
[2026-09-14 22:45:00,464] {taskinstance.py:3157} INFO - Exporting env vars: AIRFLOW_CTX_DAG_OWNER='equipe-ml' AIRFLOW_CTX_DAG_ID='retreino_medico' AIRFLOW_CTX_TASK_ID='publicacao' AIRFLOW_CTX_EXECUTION_DATE='2026-09-14T00:00:00+00:00' AIRFLOW_CTX_TRY_NUMBER='1' AIRFLOW_CTX_DAG_RUN_ID='manual__2026-09-14T00:00:00+00:00'
[2026-09-14T22:45:00.464+0000] {taskinstance.py:3157} INFO - Exporting env vars: AIRFLOW_CTX_DAG_OWNER='equipe-ml' AIRFLOW_CTX_DAG_ID='retreino_medico' AIRFLOW_CTX_TASK_ID='publicacao' AIRFLOW_CTX_EXECUTION_DATE='2026-09-14T00:00:00+00:00' AIRFLOW_CTX_TRY_NUMBER='1' AIRFLOW_CTX_DAG_RUN_ID='manual__2026-09-14T00:00:00+00:00'
[2026-09-14T22:45:00.465+0000] {taskinstance.py:740} INFO - ::endgroup::
[2026-09-14 22:45:00,465] {subprocess.py:78} INFO - Tmp dir root location: /tmp
[2026-09-14T22:45:00.465+0000] {subprocess.py:78} INFO - Tmp dir root location: /tmp
[2026-09-14 22:45:00,466] {subprocess.py:88} INFO - Running command: ['/usr/bin/bash', '-c', "/opt/model-venv/bin/python -m medical_classifier.airflow_tasks publicacao --execucao '20260914T000000'"]
[2026-09-14T22:45:00.466+0000] {subprocess.py:88} INFO - Running command: ['/usr/bin/bash', '-c', "/opt/model-venv/bin/python -m medical_classifier.airflow_tasks publicacao --execucao '20260914T000000'"]
[2026-09-14 22:45:00,471] {subprocess.py:99} INFO - Output:
[2026-09-14T22:45:00.471+0000] {subprocess.py:99} INFO - Output:
[2026-09-14 22:45:01,436] {subprocess.py:106} INFO - {"etapa": "publicacao", "execucao": "20260914T000000", "estado": "/app/data/runs/20260914T000000", "sucesso": true}
[2026-09-14T22:45:01.436+0000] {subprocess.py:106} INFO - {"etapa": "publicacao", "execucao": "20260914T000000", "estado": "/app/data/runs/20260914T000000", "sucesso": true}
[2026-09-14 22:45:01,565] {subprocess.py:110} INFO - Command exited with return code 0
[2026-09-14T22:45:01.565+0000] {subprocess.py:110} INFO - Command exited with return code 0
[2026-09-14T22:45:01.571+0000] {taskinstance.py:349} INFO - ::group::Post task execution logs
[2026-09-14T22:45:01.571+0000] {taskinstance.py:361} INFO - Marking task as SUCCESS. dag_id=retreino_medico, task_id=publicacao, run_id=manual__2026-09-14T00:00:00+00:00, execution_date=20260914T000000, start_date=, end_date=20260914T224501
[2026-09-14T22:45:01.805+0000] {dag.py:4410} INFO - [DAG TEST] end task task_id=publicacao map_index=-1
[2026-09-14T22:45:01.808+0000] {dagrun.py:854} INFO - Marking run <DagRun retreino_medico @ 2026-09-14 00:00:00+00:00: manual__2026-09-14T00:00:00+00:00, state:running, queued_at: None. externally triggered: False> successful
[2026-09-14T22:45:01.808+0000] {dagrun.py:905} INFO - DagRun Finished: dag_id=retreino_medico, execution_date=2026-09-14 00:00:00+00:00, run_id=manual__2026-09-14T00:00:00+00:00, run_start_date=2026-09-14 00:00:00+00:00, run_end_date=2026-09-14 22:45:01.808599+00:00, run_duration=81901.808599, state=success, external_trigger=False, run_type=manual, data_interval_start=2026-09-06 00:00:00+00:00, data_interval_end=2026-09-13 00:00:00+00:00, dag_hash=None
