 Image medical-classifier:local Building 
#1 [internal] load local bake definitions
#1 reading from stdin 1.03kB 0.0s done
#1 DONE 0.0s

#2 [internal] load build definition from Dockerfile
#2 transferring dockerfile: 1.62kB 0.0s done
#2 DONE 0.0s

#3 [internal] load metadata for docker.io/library/python:3.11.16-slim-bookworm
#3 DONE 1.2s

#4 [internal] load .dockerignore
#4 transferring context: 282B done
#4 DONE 0.0s

#5 [dependencias 1/5] FROM docker.io/library/python:3.11.16-slim-bookworm@sha256:528257d48c1da0dcecc2e725d1ae34498d60c965f1241e39cd6a85a8859bdf84
#5 resolve docker.io/library/python:3.11.16-slim-bookworm@sha256:528257d48c1da0dcecc2e725d1ae34498d60c965f1241e39cd6a85a8859bdf84 0.0s done
#5 DONE 0.0s

#6 [internal] load build context
#6 transferring context: 68.71kB 0.0s done
#6 DONE 0.0s

#7 [dependencias 2/5] WORKDIR /app
#7 CACHED

#8 [dependencias 3/5] RUN python -m venv /opt/venv
#8 CACHED

#9 [dependencias 4/5] COPY requirements.lock ./
#9 CACHED

#10 [dependencias 5/5] RUN pip install -r requirements.lock
#10 CACHED

#11 [runtime 1/4] WORKDIR /app
#11 DONE 0.1s

#12 [builder 1/3] COPY pyproject.toml README.md ./
#12 DONE 0.1s

#13 [builder 2/3] COPY src ./src
#13 DONE 0.1s

#14 [runtime 2/4] RUN groupadd --gid 10001 app     && useradd --uid 10001 --gid 10001 --create-home app     && mkdir -p /app/models /app/data     && chown app:app /app/models /app/data
#14 DONE 0.9s

#15 [builder 3/3] RUN pip wheel --no-deps --no-build-isolation --wheel-dir /dist .
#15 1.619 Processing /app
#15 1.623   Preparing metadata (pyproject.toml): started
#15 1.907   Preparing metadata (pyproject.toml): finished with status 'done'
#15 1.923 Building wheels for collected packages: medical-classifier
#15 1.925   Building wheel for medical-classifier (pyproject.toml): started
#15 1.965   Building wheel for medical-classifier (pyproject.toml): finished with status 'done'
#15 1.967   Created wheel for medical-classifier: filename=medical_classifier-0.1.0-py3-none-any.whl size=19319 sha256=2b33e0394b91d0c74e848b42d135094be3382013b1bb42525ddaa6ea32a3c0ea
#15 1.967   Stored in directory: /tmp/pip-ephem-wheel-cache-5ce0cwa4/wheels/57/0f/98/bb57b2b57b95807699b822a35c022f139d38a02c27922f27ce
#15 1.971 Successfully built medical-classifier
#15 DONE 2.1s

#16 [runtime 3/4] COPY --from=builder /dist /tmp/pacote
#16 DONE 0.1s

#17 [runtime 4/4] RUN pip install --no-cache-dir --no-index --no-deps --no-compile /tmp/pacote/*.whl     && rm -r /tmp/pacote
#17 0.946 Processing /tmp/pacote/medical_classifier-0.1.0-py3-none-any.whl
#17 0.950 Installing collected packages: medical-classifier
#17 0.971 Successfully installed medical-classifier-0.1.0
#17 DONE 1.1s

#18 exporting to image
#18 exporting layers
#18 exporting layers 0.2s done
#18 exporting manifest sha256:4ca909118d8ebebabd897423393a2bc83e2c5b2b1dba71906ed3a0b2e9cc8363 0.0s done
#18 exporting config sha256:45d58712f3ec2cbbcadce8e44f5e5825e9bc707b77a2076c2dd2539f7d168d76 0.0s done
#18 exporting attestation manifest sha256:b9b7127420daf981df2cd28132acb601945ec5e2f94cbacf29d2a85689ca3a3e 0.0s done
#18 exporting manifest list sha256:04875aff7dd271b654986a33392e577fe3a09d6c2769875b023ca560fc837377
#18 exporting manifest list sha256:04875aff7dd271b654986a33392e577fe3a09d6c2769875b023ca560fc837377 0.0s done
#18 naming to docker.io/library/medical-classifier:local done
#18 unpacking to docker.io/library/medical-classifier:local
#18 unpacking to docker.io/library/medical-classifier:local 44.8s done
#18 DONE 45.2s

#19 resolving provenance for metadata file
#19 DONE 0.3s
 Image medical-classifier:local Built 
