/opt/airflow-venv/lib/python3.11/site-packages/airflow/metrics/base_stats_logger.py:22 RemovedInAirflow3Warning: Timer and timing metrics publish in seconds were deprecated. It is enabled by default from Airflow 3 onwards. Enable timer_unit_consistency to publish all the timer and timing metrics in milliseconds.
/opt/airflow-venv/lib/python3.11/site-packages/airflow/triggers/base.py:27 RemovedInAirflow3Warning: Timer and timing metrics publish in seconds were deprecated. It is enabled by default from Airflow 3 onwards. Enable timer_unit_consistency to publish all the timer and timing metrics in milliseconds.
/opt/airflow-venv/lib/python3.11/site-packages/airflow/cli/commands/dag_command.py:48 UserWarning: Could not import graphviz. Rendering graph to the graphical format will not be possible.
[2026-09-15T23:00:37.067+0000] {dagbag.py:588} INFO - Filling up the DagBag from /opt/airflow/dags
[2026-09-15T23:00:37.102+0000] {dag.py:4435} INFO - dagrun id: retreino_medico
[2026-09-15T23:00:37.110+0000] {dag.py:4451} INFO - created dagrun <DagRun retreino_medico @ 2026-09-14 00:00:00+00:00: manual__2026-09-14T00:00:00+00:00, state:running, queued_at: None. externally triggered: False>
[2026-09-15T23:00:37.129+0000] {dag.py:4396} INFO - [DAG TEST] starting task_id=ingestao map_index=-1
[2026-09-15T23:00:37.130+0000] {dag.py:4399} INFO - [DAG TEST] running task <TaskInstance: retreino_medico.ingestao manual__2026-09-14T00:00:00+00:00 [scheduled]>
[2026-09-15 23:00:37,167] {taskinstance.py:3157} INFO - Exporting env vars: AIRFLOW_CTX_DAG_OWNER='equipe-ml' AIRFLOW_CTX_DAG_ID='retreino_medico' AIRFLOW_CTX_TASK_ID='ingestao' AIRFLOW_CTX_EXECUTION_DATE='2026-09-14T00:00:00+00:00' AIRFLOW_CTX_TRY_NUMBER='1' AIRFLOW_CTX_DAG_RUN_ID='manual__2026-09-14T00:00:00+00:00'
[2026-09-15T23:00:37.167+0000] {taskinstance.py:3157} INFO - Exporting env vars: AIRFLOW_CTX_DAG_OWNER='equipe-ml' AIRFLOW_CTX_DAG_ID='retreino_medico' AIRFLOW_CTX_TASK_ID='ingestao' AIRFLOW_CTX_EXECUTION_DATE='2026-09-14T00:00:00+00:00' AIRFLOW_CTX_TRY_NUMBER='1' AIRFLOW_CTX_DAG_RUN_ID='manual__2026-09-14T00:00:00+00:00'
[2026-09-15T23:00:37.169+0000] {taskinstance.py:740} INFO - ::endgroup::
[2026-09-15 23:00:37,309] {subprocess.py:78} INFO - Tmp dir root location: /tmp
[2026-09-15T23:00:37.309+0000] {subprocess.py:78} INFO - Tmp dir root location: /tmp
[2026-09-15 23:00:37,310] {subprocess.py:88} INFO - Running command: ['/usr/bin/bash', '-c', "/opt/model-venv/bin/python -m medical_classifier.airflow_tasks ingestao --execucao '20260914T000000'"]
[2026-09-15T23:00:37.310+0000] {subprocess.py:88} INFO - Running command: ['/usr/bin/bash', '-c', "/opt/model-venv/bin/python -m medical_classifier.airflow_tasks ingestao --execucao '20260914T000000'"]
[2026-09-15 23:00:37,317] {subprocess.py:99} INFO - Output:
[2026-09-15T23:00:37.317+0000] {subprocess.py:99} INFO - Output:
[2026-09-15 23:00:44,003] {subprocess.py:106} INFO - {"etapa": "ingestao", "execucao": "20260914T000000", "estado": "/app/data/runs/20260914T000000", "sucesso": true}
[2026-09-15T23:00:44.003+0000] {subprocess.py:106} INFO - {"etapa": "ingestao", "execucao": "20260914T000000", "estado": "/app/data/runs/20260914T000000", "sucesso": true}
[2026-09-15 23:00:44,243] {subprocess.py:110} INFO - Command exited with return code 0
[2026-09-15T23:00:44.243+0000] {subprocess.py:110} INFO - Command exited with return code 0
[2026-09-15T23:00:44.253+0000] {taskinstance.py:349} INFO - ::group::Post task execution logs
[2026-09-15T23:00:44.253+0000] {taskinstance.py:361} INFO - Marking task as SUCCESS. dag_id=retreino_medico, task_id=ingestao, run_id=manual__2026-09-14T00:00:00+00:00, execution_date=20260914T000000, start_date=, end_date=20260915T230044
[2026-09-15T23:00:44.264+0000] {dag.py:4410} INFO - [DAG TEST] end task task_id=ingestao map_index=-1
[2026-09-15T23:00:44.275+0000] {dag.py:4396} INFO - [DAG TEST] starting task_id=treinamento map_index=-1
[2026-09-15T23:00:44.275+0000] {dag.py:4399} INFO - [DAG TEST] running task <TaskInstance: retreino_medico.treinamento manual__2026-09-14T00:00:00+00:00 [scheduled]>
[2026-09-15 23:00:44,291] {taskinstance.py:3157} INFO - Exporting env vars: AIRFLOW_CTX_DAG_OWNER='equipe-ml' AIRFLOW_CTX_DAG_ID='retreino_medico' AIRFLOW_CTX_TASK_ID='treinamento' AIRFLOW_CTX_EXECUTION_DATE='2026-09-14T00:00:00+00:00' AIRFLOW_CTX_TRY_NUMBER='1' AIRFLOW_CTX_DAG_RUN_ID='manual__2026-09-14T00:00:00+00:00'
[2026-09-15T23:00:44.291+0000] {taskinstance.py:3157} INFO - Exporting env vars: AIRFLOW_CTX_DAG_OWNER='equipe-ml' AIRFLOW_CTX_DAG_ID='retreino_medico' AIRFLOW_CTX_TASK_ID='treinamento' AIRFLOW_CTX_EXECUTION_DATE='2026-09-14T00:00:00+00:00' AIRFLOW_CTX_TRY_NUMBER='1' AIRFLOW_CTX_DAG_RUN_ID='manual__2026-09-14T00:00:00+00:00'
[2026-09-15T23:00:44.292+0000] {taskinstance.py:740} INFO - ::endgroup::
[2026-09-15 23:00:44,292] {subprocess.py:78} INFO - Tmp dir root location: /tmp
[2026-09-15T23:00:44.292+0000] {subprocess.py:78} INFO - Tmp dir root location: /tmp
[2026-09-15 23:00:44,293] {subprocess.py:88} INFO - Running command: ['/usr/bin/bash', '-c', "/opt/model-venv/bin/python -m medical_classifier.airflow_tasks treinamento --execucao '20260914T000000'"]
[2026-09-15T23:00:44.293+0000] {subprocess.py:88} INFO - Running command: ['/usr/bin/bash', '-c', "/opt/model-venv/bin/python -m medical_classifier.airflow_tasks treinamento --execucao '20260914T000000'"]
[2026-09-15 23:00:44,299] {subprocess.py:99} INFO - Output:
[2026-09-15T23:00:44.299+0000] {subprocess.py:99} INFO - Output:
[2026-09-15 23:00:54,007] {subprocess.py:106} INFO - {"etapa": "treinamento", "execucao": "20260914T000000", "estado": "/app/data/runs/20260914T000000", "sucesso": true}
[2026-09-15T23:00:54.007+0000] {subprocess.py:106} INFO - {"etapa": "treinamento", "execucao": "20260914T000000", "estado": "/app/data/runs/20260914T000000", "sucesso": true}
[2026-09-15 23:00:54,224] {subprocess.py:110} INFO - Command exited with return code 0
[2026-09-15T23:00:54.224+0000] {subprocess.py:110} INFO - Command exited with return code 0
[2026-09-15T23:00:54.232+0000] {taskinstance.py:349} INFO - ::group::Post task execution logs
[2026-09-15T23:00:54.232+0000] {taskinstance.py:361} INFO - Marking task as SUCCESS. dag_id=retreino_medico, task_id=treinamento, run_id=manual__2026-09-14T00:00:00+00:00, execution_date=20260914T000000, start_date=, end_date=20260915T230054
[2026-09-15T23:00:54.241+0000] {dag.py:4410} INFO - [DAG TEST] end task task_id=treinamento map_index=-1
[2026-09-15T23:00:54.251+0000] {dag.py:4396} INFO - [DAG TEST] starting task_id=validacao map_index=-1
[2026-09-15T23:00:54.251+0000] {dag.py:4399} INFO - [DAG TEST] running task <TaskInstance: retreino_medico.validacao manual__2026-09-14T00:00:00+00:00 [scheduled]>
[2026-09-15 23:00:54,267] {taskinstance.py:3157} INFO - Exporting env vars: AIRFLOW_CTX_DAG_OWNER='equipe-ml' AIRFLOW_CTX_DAG_ID='retreino_medico' AIRFLOW_CTX_TASK_ID='validacao' AIRFLOW_CTX_EXECUTION_DATE='2026-09-14T00:00:00+00:00' AIRFLOW_CTX_TRY_NUMBER='1' AIRFLOW_CTX_DAG_RUN_ID='manual__2026-09-14T00:00:00+00:00'
[2026-09-15T23:00:54.267+0000] {taskinstance.py:3157} INFO - Exporting env vars: AIRFLOW_CTX_DAG_OWNER='equipe-ml' AIRFLOW_CTX_DAG_ID='retreino_medico' AIRFLOW_CTX_TASK_ID='validacao' AIRFLOW_CTX_EXECUTION_DATE='2026-09-14T00:00:00+00:00' AIRFLOW_CTX_TRY_NUMBER='1' AIRFLOW_CTX_DAG_RUN_ID='manual__2026-09-14T00:00:00+00:00'
[2026-09-15T23:00:54.267+0000] {taskinstance.py:740} INFO - ::endgroup::
[2026-09-15 23:00:54,268] {subprocess.py:78} INFO - Tmp dir root location: /tmp
[2026-09-15T23:00:54.268+0000] {subprocess.py:78} INFO - Tmp dir root location: /tmp
[2026-09-15 23:00:54,268] {subprocess.py:88} INFO - Running command: ['/usr/bin/bash', '-c', "/opt/model-venv/bin/python -m medical_classifier.airflow_tasks validacao --execucao '20260914T000000'"]
[2026-09-15T23:00:54.268+0000] {subprocess.py:88} INFO - Running command: ['/usr/bin/bash', '-c', "/opt/model-venv/bin/python -m medical_classifier.airflow_tasks validacao --execucao '20260914T000000'"]
[2026-09-15 23:00:54,275] {subprocess.py:99} INFO - Output:
[2026-09-15T23:00:54.275+0000] {subprocess.py:99} INFO - Output:
[2026-09-15 23:01:00,092] {subprocess.py:106} INFO - {"etapa": "validacao", "execucao": "20260914T000000", "estado": "/app/data/runs/20260914T000000", "sucesso": true}
[2026-09-15T23:01:00.092+0000] {subprocess.py:106} INFO - {"etapa": "validacao", "execucao": "20260914T000000", "estado": "/app/data/runs/20260914T000000", "sucesso": true}
[2026-09-15 23:01:00,290] {subprocess.py:110} INFO - Command exited with return code 0
[2026-09-15T23:01:00.290+0000] {subprocess.py:110} INFO - Command exited with return code 0
[2026-09-15T23:01:00.297+0000] {taskinstance.py:349} INFO - ::group::Post task execution logs
[2026-09-15T23:01:00.298+0000] {taskinstance.py:361} INFO - Marking task as SUCCESS. dag_id=retreino_medico, task_id=validacao, run_id=manual__2026-09-14T00:00:00+00:00, execution_date=20260914T000000, start_date=, end_date=20260915T230100
[2026-09-15T23:01:00.306+0000] {dag.py:4410} INFO - [DAG TEST] end task task_id=validacao map_index=-1
[2026-09-15T23:01:00.315+0000] {dag.py:4396} INFO - [DAG TEST] starting task_id=publicacao map_index=-1
[2026-09-15T23:01:00.315+0000] {dag.py:4399} INFO - [DAG TEST] running task <TaskInstance: retreino_medico.publicacao manual__2026-09-14T00:00:00+00:00 [scheduled]>
[2026-09-15 23:01:00,330] {taskinstance.py:3157} INFO - Exporting env vars: AIRFLOW_CTX_DAG_OWNER='equipe-ml' AIRFLOW_CTX_DAG_ID='retreino_medico' AIRFLOW_CTX_TASK_ID='publicacao' AIRFLOW_CTX_EXECUTION_DATE='2026-09-14T00:00:00+00:00' AIRFLOW_CTX_TRY_NUMBER='1' AIRFLOW_CTX_DAG_RUN_ID='manual__2026-09-14T00:00:00+00:00'
[2026-09-15T23:01:00.330+0000] {taskinstance.py:3157} INFO - Exporting env vars: AIRFLOW_CTX_DAG_OWNER='equipe-ml' AIRFLOW_CTX_DAG_ID='retreino_medico' AIRFLOW_CTX_TASK_ID='publicacao' AIRFLOW_CTX_EXECUTION_DATE='2026-09-14T00:00:00+00:00' AIRFLOW_CTX_TRY_NUMBER='1' AIRFLOW_CTX_DAG_RUN_ID='manual__2026-09-14T00:00:00+00:00'
[2026-09-15T23:01:00.331+0000] {taskinstance.py:740} INFO - ::endgroup::
[2026-09-15 23:01:00,332] {subprocess.py:78} INFO - Tmp dir root location: /tmp
[2026-09-15T23:01:00.332+0000] {subprocess.py:78} INFO - Tmp dir root location: /tmp
[2026-09-15 23:01:00,332] {subprocess.py:88} INFO - Running command: ['/usr/bin/bash', '-c', "/opt/model-venv/bin/python -m medical_classifier.airflow_tasks publicacao --execucao '20260914T000000'"]
[2026-09-15T23:01:00.332+0000] {subprocess.py:88} INFO - Running command: ['/usr/bin/bash', '-c', "/opt/model-venv/bin/python -m medical_classifier.airflow_tasks publicacao --execucao '20260914T000000'"]
[2026-09-15 23:01:00,338] {subprocess.py:99} INFO - Output:
[2026-09-15T23:01:00.338+0000] {subprocess.py:99} INFO - Output:
[2026-09-15 23:01:04,412] {subprocess.py:106} INFO - {"etapa": "publicacao", "execucao": "20260914T000000", "estado": "/app/data/runs/20260914T000000", "sucesso": true}
[2026-09-15T23:01:04.412+0000] {subprocess.py:106} INFO - {"etapa": "publicacao", "execucao": "20260914T000000", "estado": "/app/data/runs/20260914T000000", "sucesso": true}
[2026-09-15 23:01:04,621] {subprocess.py:110} INFO - Command exited with return code 0
[2026-09-15T23:01:04.621+0000] {subprocess.py:110} INFO - Command exited with return code 0
[2026-09-15T23:01:04.629+0000] {taskinstance.py:349} INFO - ::group::Post task execution logs
[2026-09-15T23:01:04.629+0000] {taskinstance.py:361} INFO - Marking task as SUCCESS. dag_id=retreino_medico, task_id=publicacao, run_id=manual__2026-09-14T00:00:00+00:00, execution_date=20260914T000000, start_date=, end_date=20260915T230104
[2026-09-15T23:01:04.637+0000] {dag.py:4410} INFO - [DAG TEST] end task task_id=publicacao map_index=-1
[2026-09-15T23:01:04.640+0000] {dagrun.py:854} INFO - Marking run <DagRun retreino_medico @ 2026-09-14 00:00:00+00:00: manual__2026-09-14T00:00:00+00:00, state:running, queued_at: None. externally triggered: False> successful
[2026-09-15T23:01:04.641+0000] {dagrun.py:905} INFO - DagRun Finished: dag_id=retreino_medico, execution_date=2026-09-14 00:00:00+00:00, run_id=manual__2026-09-14T00:00:00+00:00, run_start_date=2026-09-14 00:00:00+00:00, run_end_date=2026-09-15 23:01:04.641025+00:00, run_duration=169264.641025, state=success, external_trigger=False, run_type=manual, data_interval_start=2026-09-06 00:00:00+00:00, data_interval_end=2026-09-13 00:00:00+00:00, dag_hash=None
