/opt/airflow-venv/lib/python3.11/site-packages/airflow/metrics/base_stats_logger.py:22 RemovedInAirflow3Warning: Timer and timing metrics publish in seconds were deprecated. It is enabled by default from Airflow 3 onwards. Enable timer_unit_consistency to publish all the timer and timing metrics in milliseconds.
/opt/airflow-venv/lib/python3.11/site-packages/airflow/triggers/base.py:27 RemovedInAirflow3Warning: Timer and timing metrics publish in seconds were deprecated. It is enabled by default from Airflow 3 onwards. Enable timer_unit_consistency to publish all the timer and timing metrics in milliseconds.
/opt/airflow-venv/lib/python3.11/site-packages/airflow/cli/commands/dag_command.py:48 UserWarning: Could not import graphviz. Rendering graph to the graphical format will not be possible.
[2026-09-14T23:24:25.753+0000] {dagbag.py:588} INFO - Filling up the DagBag from /opt/airflow/dags
[2026-09-14T23:24:25.801+0000] {dag.py:4435} INFO - dagrun id: retreino_medico
[2026-09-14T23:24:25.817+0000] {dag.py:4451} INFO - created dagrun <DagRun retreino_medico @ 2026-09-14 23:30:00+00:00: manual__2026-09-14T23:30:00+00:00, state:running, queued_at: None. externally triggered: False>
[2026-09-14T23:24:25.852+0000] {dag.py:4396} INFO - [DAG TEST] starting task_id=ingestao map_index=-1
[2026-09-14T23:24:25.853+0000] {dag.py:4399} INFO - [DAG TEST] running task <TaskInstance: retreino_medico.ingestao manual__2026-09-14T23:30:00+00:00 [scheduled]>
[2026-09-14 23:24:25,919] {taskinstance.py:3157} INFO - Exporting env vars: AIRFLOW_CTX_DAG_OWNER='equipe-ml' AIRFLOW_CTX_DAG_ID='retreino_medico' AIRFLOW_CTX_TASK_ID='ingestao' AIRFLOW_CTX_EXECUTION_DATE='2026-09-14T23:30:00+00:00' AIRFLOW_CTX_TRY_NUMBER='1' AIRFLOW_CTX_DAG_RUN_ID='manual__2026-09-14T23:30:00+00:00'
[2026-09-14T23:24:25.919+0000] {taskinstance.py:3157} INFO - Exporting env vars: AIRFLOW_CTX_DAG_OWNER='equipe-ml' AIRFLOW_CTX_DAG_ID='retreino_medico' AIRFLOW_CTX_TASK_ID='ingestao' AIRFLOW_CTX_EXECUTION_DATE='2026-09-14T23:30:00+00:00' AIRFLOW_CTX_TRY_NUMBER='1' AIRFLOW_CTX_DAG_RUN_ID='manual__2026-09-14T23:30:00+00:00'
[2026-09-14T23:24:25.922+0000] {taskinstance.py:740} INFO - ::endgroup::
[2026-09-14 23:24:25,990] {subprocess.py:78} INFO - Tmp dir root location: /tmp
[2026-09-14T23:24:25.990+0000] {subprocess.py:78} INFO - Tmp dir root location: /tmp
[2026-09-14 23:24:25,995] {subprocess.py:88} INFO - Running command: ['/usr/bin/bash', '-c', "/opt/model-venv/bin/python -m medical_classifier.airflow_tasks ingestao --execucao '20260914T233000'"]
[2026-09-14T23:24:25.995+0000] {subprocess.py:88} INFO - Running command: ['/usr/bin/bash', '-c', "/opt/model-venv/bin/python -m medical_classifier.airflow_tasks ingestao --execucao '20260914T233000'"]
[2026-09-14 23:24:26,002] {subprocess.py:99} INFO - Output:
[2026-09-14T23:24:26.002+0000] {subprocess.py:99} INFO - Output:
[2026-09-14 23:24:27,492] {subprocess.py:106} INFO - [0;93m2026-09-14 23:24:27.492417451 [W:onnxruntime:Default, device_discovery.cc:164 DiscoverDevicesForPlatform] GPU device discovery failed: device_discovery.cc:89 ReadFileContents Failed to open file: "/sys/class/drm/card0/device/vendor"[m
[2026-09-14T23:24:27.492+0000] {subprocess.py:106} INFO - [0;93m2026-09-14 23:24:27.492417451 [W:onnxruntime:Default, device_discovery.cc:164 DiscoverDevicesForPlatform] GPU device discovery failed: device_discovery.cc:89 ReadFileContents Failed to open file: "/sys/class/drm/card0/device/vendor"[m
[2026-09-14 23:24:32,225] {subprocess.py:106} INFO - {"etapa": "ingestao", "execucao": "20260914T233000", "estado": "/app/data/runs/20260914T233000", "sucesso": true}
[2026-09-14T23:24:32.225+0000] {subprocess.py:106} INFO - {"etapa": "ingestao", "execucao": "20260914T233000", "estado": "/app/data/runs/20260914T233000", "sucesso": true}
[2026-09-14 23:24:32,441] {subprocess.py:110} INFO - Command exited with return code 0
[2026-09-14T23:24:32.441+0000] {subprocess.py:110} INFO - Command exited with return code 0
[2026-09-14T23:24:32.449+0000] {taskinstance.py:349} INFO - ::group::Post task execution logs
[2026-09-14T23:24:32.450+0000] {taskinstance.py:361} INFO - Marking task as SUCCESS. dag_id=retreino_medico, task_id=ingestao, run_id=manual__2026-09-14T23:30:00+00:00, execution_date=20260914T233000, start_date=, end_date=20260914T232432
[2026-09-14T23:24:32.513+0000] {dag.py:4410} INFO - [DAG TEST] end task task_id=ingestao map_index=-1
[2026-09-14T23:24:32.632+0000] {dag.py:4396} INFO - [DAG TEST] starting task_id=treinamento map_index=-1
[2026-09-14T23:24:32.632+0000] {dag.py:4399} INFO - [DAG TEST] running task <TaskInstance: retreino_medico.treinamento manual__2026-09-14T23:30:00+00:00 [scheduled]>
[2026-09-14 23:24:32,696] {taskinstance.py:3157} INFO - Exporting env vars: AIRFLOW_CTX_DAG_OWNER='equipe-ml' AIRFLOW_CTX_DAG_ID='retreino_medico' AIRFLOW_CTX_TASK_ID='treinamento' AIRFLOW_CTX_EXECUTION_DATE='2026-09-14T23:30:00+00:00' AIRFLOW_CTX_TRY_NUMBER='1' AIRFLOW_CTX_DAG_RUN_ID='manual__2026-09-14T23:30:00+00:00'
[2026-09-14T23:24:32.696+0000] {taskinstance.py:3157} INFO - Exporting env vars: AIRFLOW_CTX_DAG_OWNER='equipe-ml' AIRFLOW_CTX_DAG_ID='retreino_medico' AIRFLOW_CTX_TASK_ID='treinamento' AIRFLOW_CTX_EXECUTION_DATE='2026-09-14T23:30:00+00:00' AIRFLOW_CTX_TRY_NUMBER='1' AIRFLOW_CTX_DAG_RUN_ID='manual__2026-09-14T23:30:00+00:00'
[2026-09-14T23:24:32.698+0000] {taskinstance.py:740} INFO - ::endgroup::
[2026-09-14 23:24:32,698] {subprocess.py:78} INFO - Tmp dir root location: /tmp
[2026-09-14T23:24:32.698+0000] {subprocess.py:78} INFO - Tmp dir root location: /tmp
[2026-09-14 23:24:32,700] {subprocess.py:88} INFO - Running command: ['/usr/bin/bash', '-c', "/opt/model-venv/bin/python -m medical_classifier.airflow_tasks treinamento --execucao '20260914T233000'"]
[2026-09-14T23:24:32.700+0000] {subprocess.py:88} INFO - Running command: ['/usr/bin/bash', '-c', "/opt/model-venv/bin/python -m medical_classifier.airflow_tasks treinamento --execucao '20260914T233000'"]
[2026-09-14 23:24:32,731] {subprocess.py:99} INFO - Output:
[2026-09-14T23:24:32.731+0000] {subprocess.py:99} INFO - Output:
[2026-09-14 23:24:34,220] {subprocess.py:106} INFO - [0;93m2026-09-14 23:24:34.220241495 [W:onnxruntime:Default, device_discovery.cc:164 DiscoverDevicesForPlatform] GPU device discovery failed: device_discovery.cc:89 ReadFileContents Failed to open file: "/sys/class/drm/card0/device/vendor"[m
[2026-09-14T23:24:34.220+0000] {subprocess.py:106} INFO - [0;93m2026-09-14 23:24:34.220241495 [W:onnxruntime:Default, device_discovery.cc:164 DiscoverDevicesForPlatform] GPU device discovery failed: device_discovery.cc:89 ReadFileContents Failed to open file: "/sys/class/drm/card0/device/vendor"[m
[2026-09-14 23:24:42,498] {subprocess.py:106} INFO - {"etapa": "treinamento", "execucao": "20260914T233000", "estado": "/app/data/runs/20260914T233000", "sucesso": true}
[2026-09-14T23:24:42.498+0000] {subprocess.py:106} INFO - {"etapa": "treinamento", "execucao": "20260914T233000", "estado": "/app/data/runs/20260914T233000", "sucesso": true}
[2026-09-14 23:24:42,700] {subprocess.py:110} INFO - Command exited with return code 0
[2026-09-14T23:24:42.700+0000] {subprocess.py:110} INFO - Command exited with return code 0
[2026-09-14T23:24:42.708+0000] {taskinstance.py:349} INFO - ::group::Post task execution logs
[2026-09-14T23:24:42.708+0000] {taskinstance.py:361} INFO - Marking task as SUCCESS. dag_id=retreino_medico, task_id=treinamento, run_id=manual__2026-09-14T23:30:00+00:00, execution_date=20260914T233000, start_date=, end_date=20260914T232442
[2026-09-14T23:24:42.768+0000] {dag.py:4410} INFO - [DAG TEST] end task task_id=treinamento map_index=-1
[2026-09-14T23:24:42.787+0000] {dag.py:4396} INFO - [DAG TEST] starting task_id=validacao map_index=-1
[2026-09-14T23:24:42.787+0000] {dag.py:4399} INFO - [DAG TEST] running task <TaskInstance: retreino_medico.validacao manual__2026-09-14T23:30:00+00:00 [scheduled]>
[2026-09-14 23:24:42,820] {taskinstance.py:3157} INFO - Exporting env vars: AIRFLOW_CTX_DAG_OWNER='equipe-ml' AIRFLOW_CTX_DAG_ID='retreino_medico' AIRFLOW_CTX_TASK_ID='validacao' AIRFLOW_CTX_EXECUTION_DATE='2026-09-14T23:30:00+00:00' AIRFLOW_CTX_TRY_NUMBER='1' AIRFLOW_CTX_DAG_RUN_ID='manual__2026-09-14T23:30:00+00:00'
[2026-09-14T23:24:42.820+0000] {taskinstance.py:3157} INFO - Exporting env vars: AIRFLOW_CTX_DAG_OWNER='equipe-ml' AIRFLOW_CTX_DAG_ID='retreino_medico' AIRFLOW_CTX_TASK_ID='validacao' AIRFLOW_CTX_EXECUTION_DATE='2026-09-14T23:30:00+00:00' AIRFLOW_CTX_TRY_NUMBER='1' AIRFLOW_CTX_DAG_RUN_ID='manual__2026-09-14T23:30:00+00:00'
[2026-09-14T23:24:42.820+0000] {taskinstance.py:740} INFO - ::endgroup::
[2026-09-14 23:24:42,821] {subprocess.py:78} INFO - Tmp dir root location: /tmp
[2026-09-14T23:24:42.821+0000] {subprocess.py:78} INFO - Tmp dir root location: /tmp
[2026-09-14 23:24:42,822] {subprocess.py:88} INFO - Running command: ['/usr/bin/bash', '-c', "/opt/model-venv/bin/python -m medical_classifier.airflow_tasks validacao --execucao '20260914T233000'"]
[2026-09-14T23:24:42.822+0000] {subprocess.py:88} INFO - Running command: ['/usr/bin/bash', '-c', "/opt/model-venv/bin/python -m medical_classifier.airflow_tasks validacao --execucao '20260914T233000'"]
[2026-09-14 23:24:42,827] {subprocess.py:99} INFO - Output:
[2026-09-14T23:24:42.827+0000] {subprocess.py:99} INFO - Output:
[2026-09-14 23:24:44,197] {subprocess.py:106} INFO - [0;93m2026-09-14 23:24:44.197162214 [W:onnxruntime:Default, device_discovery.cc:164 DiscoverDevicesForPlatform] GPU device discovery failed: device_discovery.cc:89 ReadFileContents Failed to open file: "/sys/class/drm/card0/device/vendor"[m
[2026-09-14T23:24:44.197+0000] {subprocess.py:106} INFO - [0;93m2026-09-14 23:24:44.197162214 [W:onnxruntime:Default, device_discovery.cc:164 DiscoverDevicesForPlatform] GPU device discovery failed: device_discovery.cc:89 ReadFileContents Failed to open file: "/sys/class/drm/card0/device/vendor"[m
[2026-09-14 23:24:47,710] {subprocess.py:106} INFO - {"etapa": "validacao", "execucao": "20260914T233000", "estado": "/app/data/runs/20260914T233000", "sucesso": true}
[2026-09-14T23:24:47.710+0000] {subprocess.py:106} INFO - {"etapa": "validacao", "execucao": "20260914T233000", "estado": "/app/data/runs/20260914T233000", "sucesso": true}
[2026-09-14 23:24:47,960] {subprocess.py:110} INFO - Command exited with return code 0
[2026-09-14T23:24:47.960+0000] {subprocess.py:110} INFO - Command exited with return code 0
[2026-09-14T23:24:47.974+0000] {taskinstance.py:349} INFO - ::group::Post task execution logs
[2026-09-14T23:24:47.975+0000] {taskinstance.py:361} INFO - Marking task as SUCCESS. dag_id=retreino_medico, task_id=validacao, run_id=manual__2026-09-14T23:30:00+00:00, execution_date=20260914T233000, start_date=, end_date=20260914T232447
[2026-09-14T23:24:48.008+0000] {dag.py:4410} INFO - [DAG TEST] end task task_id=validacao map_index=-1
[2026-09-14T23:24:48.043+0000] {dag.py:4396} INFO - [DAG TEST] starting task_id=publicacao map_index=-1
[2026-09-14T23:24:48.044+0000] {dag.py:4399} INFO - [DAG TEST] running task <TaskInstance: retreino_medico.publicacao manual__2026-09-14T23:30:00+00:00 [scheduled]>
[2026-09-14 23:24:48,091] {taskinstance.py:3157} INFO - Exporting env vars: AIRFLOW_CTX_DAG_OWNER='equipe-ml' AIRFLOW_CTX_DAG_ID='retreino_medico' AIRFLOW_CTX_TASK_ID='publicacao' AIRFLOW_CTX_EXECUTION_DATE='2026-09-14T23:30:00+00:00' AIRFLOW_CTX_TRY_NUMBER='1' AIRFLOW_CTX_DAG_RUN_ID='manual__2026-09-14T23:30:00+00:00'
[2026-09-14T23:24:48.091+0000] {taskinstance.py:3157} INFO - Exporting env vars: AIRFLOW_CTX_DAG_OWNER='equipe-ml' AIRFLOW_CTX_DAG_ID='retreino_medico' AIRFLOW_CTX_TASK_ID='publicacao' AIRFLOW_CTX_EXECUTION_DATE='2026-09-14T23:30:00+00:00' AIRFLOW_CTX_TRY_NUMBER='1' AIRFLOW_CTX_DAG_RUN_ID='manual__2026-09-14T23:30:00+00:00'
[2026-09-14T23:24:48.092+0000] {taskinstance.py:740} INFO - ::endgroup::
[2026-09-14 23:24:48,093] {subprocess.py:78} INFO - Tmp dir root location: /tmp
[2026-09-14T23:24:48.093+0000] {subprocess.py:78} INFO - Tmp dir root location: /tmp
[2026-09-14 23:24:48,094] {subprocess.py:88} INFO - Running command: ['/usr/bin/bash', '-c', "/opt/model-venv/bin/python -m medical_classifier.airflow_tasks publicacao --execucao '20260914T233000'"]
[2026-09-14T23:24:48.094+0000] {subprocess.py:88} INFO - Running command: ['/usr/bin/bash', '-c', "/opt/model-venv/bin/python -m medical_classifier.airflow_tasks publicacao --execucao '20260914T233000'"]
[2026-09-14 23:24:48,099] {subprocess.py:99} INFO - Output:
[2026-09-14T23:24:48.099+0000] {subprocess.py:99} INFO - Output:
[2026-09-14 23:24:49,463] {subprocess.py:106} INFO - [0;93m2026-09-14 23:24:49.463042940 [W:onnxruntime:Default, device_discovery.cc:164 DiscoverDevicesForPlatform] GPU device discovery failed: device_discovery.cc:89 ReadFileContents Failed to open file: "/sys/class/drm/card0/device/vendor"[m
[2026-09-14T23:24:49.463+0000] {subprocess.py:106} INFO - [0;93m2026-09-14 23:24:49.463042940 [W:onnxruntime:Default, device_discovery.cc:164 DiscoverDevicesForPlatform] GPU device discovery failed: device_discovery.cc:89 ReadFileContents Failed to open file: "/sys/class/drm/card0/device/vendor"[m
[2026-09-14 23:24:49,703] {subprocess.py:106} INFO - {"etapa": "publicacao", "execucao": "20260914T233000", "estado": "/app/data/runs/20260914T233000", "sucesso": true}
[2026-09-14T23:24:49.703+0000] {subprocess.py:106} INFO - {"etapa": "publicacao", "execucao": "20260914T233000", "estado": "/app/data/runs/20260914T233000", "sucesso": true}
[2026-09-14 23:24:49,958] {subprocess.py:110} INFO - Command exited with return code 0
[2026-09-14T23:24:49.958+0000] {subprocess.py:110} INFO - Command exited with return code 0
[2026-09-14T23:24:49.968+0000] {taskinstance.py:349} INFO - ::group::Post task execution logs
[2026-09-14T23:24:49.968+0000] {taskinstance.py:361} INFO - Marking task as SUCCESS. dag_id=retreino_medico, task_id=publicacao, run_id=manual__2026-09-14T23:30:00+00:00, execution_date=20260914T233000, start_date=, end_date=20260914T232449
[2026-09-14T23:24:50.009+0000] {dag.py:4410} INFO - [DAG TEST] end task task_id=publicacao map_index=-1
[2026-09-14T23:24:50.016+0000] {dagrun.py:854} INFO - Marking run <DagRun retreino_medico @ 2026-09-14 23:30:00+00:00: manual__2026-09-14T23:30:00+00:00, state:running, queued_at: None. externally triggered: False> successful
[2026-09-14T23:24:50.017+0000] {dagrun.py:905} INFO - DagRun Finished: dag_id=retreino_medico, execution_date=2026-09-14 23:30:00+00:00, run_id=manual__2026-09-14T23:30:00+00:00, run_start_date=2026-09-14 23:30:00+00:00, run_end_date=2026-09-14 23:24:50.016823+00:00, run_duration=-309.983177, state=success, external_trigger=False, run_type=manual, data_interval_start=2026-09-06 00:00:00+00:00, data_interval_end=2026-09-13 00:00:00+00:00, dag_hash=None
